Component: ARM Compiler 5.06 update 6 (build 750) Tool: armlink [4d35ed]

==============================================================================

Section Cross References

    startup_stm32f103xb.o(STACK) refers (Special) to heapauxi.o(.text) for __use_two_region_memory
    startup_stm32f103xb.o(HEAP) refers (Special) to heapauxi.o(.text) for __use_two_region_memory
    startup_stm32f103xb.o(RESET) refers (Special) to heapauxi.o(.text) for __use_two_region_memory
    startup_stm32f103xb.o(RESET) refers to startup_stm32f103xb.o(STACK) for __initial_sp
    startup_stm32f103xb.o(RESET) refers to startup_stm32f103xb.o(.text) for Reset_Handler
    startup_stm32f103xb.o(RESET) refers to stm32f1xx_it.o(i.NMI_Handler) for NMI_Handler
    startup_stm32f103xb.o(RESET) refers to stm32f1xx_it.o(i.HardFault_Handler) for HardFault_Handler
    startup_stm32f103xb.o(RESET) refers to stm32f1xx_it.o(i.MemManage_Handler) for MemManage_Handler
    startup_stm32f103xb.o(RESET) refers to stm32f1xx_it.o(i.BusFault_Handler) for BusFault_Handler
    startup_stm32f103xb.o(RESET) refers to stm32f1xx_it.o(i.UsageFault_Handler) for UsageFault_Handler
    startup_stm32f103xb.o(RESET) refers to stm32f1xx_it.o(i.SVC_Handler) for SVC_Handler
    startup_stm32f103xb.o(RESET) refers to stm32f1xx_it.o(i.DebugMon_Handler) for DebugMon_Handler
    startup_stm32f103xb.o(RESET) refers to stm32f1xx_it.o(i.PendSV_Handler) for PendSV_Handler
    startup_stm32f103xb.o(RESET) refers to stm32f1xx_it.o(i.SysTick_Handler) for SysTick_Handler
    startup_stm32f103xb.o(RESET) refers to stm32f1xx_it.o(i.USART1_IRQHandler) for USART1_IRQHandler
    startup_stm32f103xb.o(.text) refers (Special) to heapauxi.o(.text) for __use_two_region_memory
    startup_stm32f103xb.o(.text) refers to system_stm32f1xx.o(i.SystemInit) for SystemInit
    startup_stm32f103xb.o(.text) refers to __main.o(!!!main) for __main
    startup_stm32f103xb.o(.text) refers to startup_stm32f103xb.o(HEAP) for Heap_Mem
    startup_stm32f103xb.o(.text) refers to startup_stm32f103xb.o(STACK) for Stack_Mem
    main.o(i.HAL_UART_RxCpltCallback) refers to uart.o(i.receive_data) for receive_data
    main.o(i.HAL_UART_RxCpltCallback) refers to stm32f1xx_hal_uart.o(i.HAL_UART_Receive_IT) for HAL_UART_Receive_IT
    main.o(i.HAL_UART_RxCpltCallback) refers to main.o(.bss) for .bss
    main.o(i.HAL_UART_RxCpltCallback) refers to main.o(.data) for .data
    main.o(i.MX_ADC1_Init) refers to stm32f1xx_hal_adc.o(i.HAL_ADC_Init) for HAL_ADC_Init
    main.o(i.MX_ADC1_Init) refers to stm32f1xx_hal_adc.o(i.HAL_ADC_ConfigChannel) for HAL_ADC_ConfigChannel
    main.o(i.MX_ADC1_Init) refers to main.o(.bss) for .bss
    main.o(i.MX_GPIO_Init) refers to stm32f1xx_hal_gpio.o(i.HAL_GPIO_WritePin) for HAL_GPIO_WritePin
    main.o(i.MX_GPIO_Init) refers to stm32f1xx_hal_gpio.o(i.HAL_GPIO_Init) for HAL_GPIO_Init
    main.o(i.MX_TIM1_Init) refers to stm32f1xx_hal_tim.o(i.HAL_TIM_Base_Init) for HAL_TIM_Base_Init
    main.o(i.MX_TIM1_Init) refers to stm32f1xx_hal_tim.o(i.HAL_TIM_ConfigClockSource) for HAL_TIM_ConfigClockSource
    main.o(i.MX_TIM1_Init) refers to stm32f1xx_hal_tim_ex.o(i.HAL_TIMEx_MasterConfigSynchronization) for HAL_TIMEx_MasterConfigSynchronization
    main.o(i.MX_TIM1_Init) refers to main.o(.bss) for .bss
    main.o(i.MX_TIM4_Init) refers to stm32f1xx_hal_tim.o(i.HAL_TIM_Base_Init) for HAL_TIM_Base_Init
    main.o(i.MX_TIM4_Init) refers to stm32f1xx_hal_tim.o(i.HAL_TIM_ConfigClockSource) for HAL_TIM_ConfigClockSource
    main.o(i.MX_TIM4_Init) refers to stm32f1xx_hal_tim_ex.o(i.HAL_TIMEx_MasterConfigSynchronization) for HAL_TIMEx_MasterConfigSynchronization
    main.o(i.MX_TIM4_Init) refers to main.o(.bss) for .bss
    main.o(i.SystemClock_Config) refers to rt_memclr_w.o(.text) for __aeabi_memclr4
    main.o(i.SystemClock_Config) refers to stm32f1xx_hal_rcc.o(i.HAL_RCC_OscConfig) for HAL_RCC_OscConfig
    main.o(i.SystemClock_Config) refers to stm32f1xx_hal_rcc.o(i.HAL_RCC_ClockConfig) for HAL_RCC_ClockConfig
    main.o(i.SystemClock_Config) refers to stm32f1xx_hal_rcc_ex.o(i.HAL_RCCEx_PeriphCLKConfig) for HAL_RCCEx_PeriphCLKConfig
    main.o(i.main) refers to stm32f1xx_hal.o(i.HAL_Init) for HAL_Init
    main.o(i.main) refers to main.o(i.SystemClock_Config) for SystemClock_Config
    main.o(i.main) refers to main.o(i.MX_GPIO_Init) for MX_GPIO_Init
    main.o(i.main) refers to main.o(i.MX_TIM1_Init) for MX_TIM1_Init
    main.o(i.main) refers to main.o(i.MX_TIM4_Init) for MX_TIM4_Init
    main.o(i.main) refers to main.o(i.MX_ADC1_Init) for MX_ADC1_Init
    main.o(i.main) refers to stm32f1xx_hal_uart.o(i.HAL_UART_Init) for HAL_UART_Init
    main.o(i.main) refers to stm32f1xx_hal_i2c.o(i.HAL_I2C_Init) for HAL_I2C_Init
    main.o(i.main) refers to stm32f1xx_hal_uart.o(i.HAL_UART_Receive_IT) for HAL_UART_Receive_IT
    main.o(i.main) refers to uart.o(i.uart_init) for uart_init
    main.o(i.main) refers to delay_timer.o(i.DELAY_US_Init) for DELAY_US_Init
[...]
    .ARM.Collect$$libinit$$0000002E          0x08000162   Section        0  libinit2.o(.ARM.Collect$$libinit$$0000002E)
    .ARM.Collect$$libinit$$00000030          0x08000162   Section        0  libinit2.o(.ARM.Collect$$libinit$$00000030)
    .ARM.Collect$$libinit$$00000032          0x08000162   Section        0  libinit2.o(.ARM.Collect$$libinit$$00000032)
    .ARM.Collect$$libinit$$00000033          0x08000162   Section        2  libinit2.o(.ARM.Collect$$libinit$$00000033)
    .ARM.Collect$$libshutdown$$00000000      0x08000164   Section        2  libshutdown.o(.ARM.Collect$$libshutdown$$00000000)
    .ARM.Collect$$libshutdown$$00000002      0x08000166   Section        0  libshutdown2.o(.ARM.Collect$$libshutdown$$00000002)
    .ARM.Collect$$libshutdown$$00000004      0x08000166   Section        0  libshutdown2.o(.ARM.Collect$$libshutdown$$00000004)
    .ARM.Collect$$libshutdown$$00000007      0x08000166   Section        0  libshutdown2.o(.ARM.Collect$$libshutdown$$00000007)
    .ARM.Collect$$libshutdown$$0000000A      0x08000166   Section        0  libshutdown2.o(.ARM.Collect$$libshutdown$$0000000A)
    .ARM.Collect$$libshutdown$$0000000C      0x08000166   Section        0  libshutdown2.o(.ARM.Collect$$libshutdown$$0000000C)
    .ARM.Collect$$libshutdown$$0000000F      0x08000166   Section        0  libshutdown2.o(.ARM.Collect$$libshutdown$$0000000F)
    .ARM.Collect$$libshutdown$$00000010      0x08000166   Section        2  libshutdown2.o(.ARM.Collect$$libshutdown$$00000010)
    .ARM.Collect$$rtentry$$00000000          0x08000168   Section        0  __rtentry.o(.ARM.Collect$$rtentry$$00000000)
    .ARM.Collect$$rtentry$$00000002          0x08000168   Section        0  __rtentry2.o(.ARM.Collect$$rtentry$$00000002)
    .ARM.Collect$$rtentry$$00000004          0x08000168   Section        6  __rtentry4.o(.ARM.Collect$$rtentry$$00000004)
    .ARM.Collect$$rtentry$$00000009          0x0800016e   Section        0  __rtentry2.o(.ARM.Collect$$rtentry$$00000009)
    .ARM.Collect$$rtentry$$0000000A          0x0800016e   Section        4  __rtentry2.o(.ARM.Collect$$rtentry$$0000000A)
    .ARM.Collect$$rtentry$$0000000C          0x08000172   Section        0  __rtentry2.o(.ARM.Collect$$rtentry$$0000000C)
    .ARM.Collect$$rtentry$$0000000D          0x08000172   Section        8  __rtentry2.o(.ARM.Collect$$rtentry$$0000000D)
    .ARM.Collect$$rtexit$$00000000           0x0800017a   Section        2  rtexit.o(.ARM.Collect$$rtexit$$00000000)
    .ARM.Collect$$rtexit$$00000002           0x0800017c   Section        0  rtexit2.o(.ARM.Collect$$rtexit$$00000002)
    .ARM.Collect$$rtexit$$00000003           0x0800017c   Section        4  rtexit2.o(.ARM.Collect$$rtexit$$00000003)
    .ARM.Collect$$rtexit$$00000004           0x08000180   Section        6  rtexit2.o(.ARM.Collect$$rtexit$$00000004)
    .text                                    0x08000188   Section       64  startup_stm32f103xb.o(.text)
    .text                                    0x080001c8   Section      100  rt_memcpy_w.o(.text)
    .text                                    0x0800022c   Section       78  rt_memclr_w.o(.text)
    .text                                    0x0800027a   Section        0  heapauxi.o(.text)
    .text                                    0x08000280   Section       74  sys_stackheap_outer.o(.text)
    .text                                    0x080002ca   Section        0  exit.o(.text)
    .text                                    0x080002dc   Section        8  libspace.o(.text)
    .text                                    0x080002e4   Section        0  sys_exit.o(.text)
    .text                                    0x080002f0   Section        2  use_no_semi.o(.text)
    .text                                    0x080002f2   Section        0  indicate_semi.o(.text)
    i.ADC_ConversionStop_Disable             0x080002f4   Section        0  stm32f1xx_hal_adc.o(i.ADC_ConversionStop_Disable)
    i.ADC_Enable                             0x0800034c   Section        0  stm32f1xx_hal_adc.o(i.ADC_Enable)
    i.BH1750_Cmd_Write                       0x080003c8   Section        0  bh1750.o(i.BH1750_Cmd_Write)
    i.BH1750_Init                            0x080003f4   Section        0  bh1750.o(i.BH1750_Init)
    i.BH1750_Read                            0x0800044c   Section        0  bh1750.o(i.BH1750_Read)
    i.BusFault_Handler                       0x080004a8   Section        0  stm32f1xx_it.o(i.BusFault_Handler)
    i.DELAY_US_Init                          0x080004ac   Section        0  delay_timer.o(i.DELAY_US_Init)
    i.DebugMon_Handler                       0x080004b8   Section        0  stm32f1xx_it.o(i.DebugMon_Handler)
    i.HAL_ADC_ConfigChannel                  0x080004bc   Section        0  stm32f1xx_hal_adc.o(i.HAL_ADC_ConfigChannel)
    i.HAL_ADC_GetValue                       0x080005b8   Section        0  stm32f1xx_hal_adc.o(i.HAL_ADC_GetValue)
    i.HAL_ADC_Init                           0x080005c0   Section        0  stm32f1xx_hal_adc.o(i.HAL_ADC_Init)
    i.HAL_ADC_MspInit                        0x080006dc   Section        0  stm32f1xx_hal_msp.o(i.HAL_ADC_MspInit)
    i.HAL_ADC_PollForConversion              0x08000734   Section        0  stm32f1xx_hal_adc.o(i.HAL_ADC_PollForConversion)
    i.HAL_ADC_Start                          0x08000870   Section        0  stm32f1xx_hal_adc.o(i.HAL_ADC_Start)
    i.HAL_ADC_Stop                           0x08000930   Section        0  stm32f1xx_hal_adc.o(i.HAL_ADC_Stop)
    i.HAL_DMA_Abort                          0x08000964   Section        0  stm32f1xx_hal_dma.o(i.HAL_DMA_Abort)
    i.HAL_DMA_Abort_IT                       0x080009ac   Section        0  stm32f1xx_hal_dma.o(i.HAL_DMA_Abort_IT)
    i.HAL_Delay                              0x08000a44   Section        0  stm32f1xx_hal.o(i.HAL_Delay)
    i.HAL_GPIO_Init                          0x08000a68   Section        0  stm32f1xx_hal_gpio.o(i.HAL_GPIO_Init)
    i.HAL_GPIO_ReadPin                       0x08000c48   Section        0  stm32f1xx_hal_gpio.o(i.HAL_GPIO_ReadPin)
    i.HAL_GPIO_WritePin                      0x08000c52   Section        0  stm32f1xx_hal_gpio.o(i.HAL_GPIO_WritePin)
    i.HAL_GetTick                            0x08000c5c   Section        0  stm32f1xx_hal.o(i.HAL_GetTick)
    i.HAL_I2C_Init                           0x08000c68   Section        0  stm32f1xx_hal_i2c.o(i.HAL_I2C_Init)
    i.HAL_I2C_Master_Receive                 0x08000df0   Section        0  stm32f1xx_hal_i2c.o(i.HAL_I2C_Master_Receive)
    i.HAL_I2C_Master_Transmit                0x08001040   Section        0  stm32f1xx_hal_i2c.o(i.HAL_I2C_Master_Transmit)
    i.HAL_I2C_MspInit                        0x0800116c   Section        0  stm32f1xx_hal_msp.o(i.HAL_I2C_MspInit)
    i.HAL_IncTick                            0x080011c8   Section        0  stm32f1xx_hal.o(i.HAL_IncTick)
    i.HAL_Init                               0x080011d8   Section        0  stm32f1xx_hal.o(i.HAL_Init)
    i.HAL_InitTick                           0x080011fc   Section        0  stm32f1xx_hal.o(i.HAL_InitTick)
    i.HAL_MspInit                            0x0800123c   Section        0  stm32f1xx_hal_msp.o(i.HAL_MspInit)
    i.HAL_NVIC_EnableIRQ                     0x08001278   Section        0  stm32f1xx_hal_cortex.o(i.HAL_NVIC_EnableIRQ)
    i.HAL_NVIC_SetPriority                   0x08001294   Section        0  stm32f1xx_hal_cortex.o(i.HAL_NVIC_SetPriority)
    i.HAL_NVIC_SetPriorityGrouping           0x080012d4   Section        0  stm32f1xx_hal_cortex.o(i.HAL_NVIC_SetPriorityGrouping)
    i.HAL_RCCEx_GetPeriphCLKFreq             0x080012f8   Section        0  stm32f1xx_hal_rcc_ex.o(i.HAL_RCCEx_GetPeriphCLKFreq)
    i.HAL_RCCEx_PeriphCLKConfig              0x0800139c   Section        0  stm32f1xx_hal_rcc_ex.o(i.HAL_RCCEx_PeriphCLKConfig)
    i.HAL_RCC_ClockConfig                    0x08001488   Section        0  stm32f1xx_hal_rcc.o(i.HAL_RCC_ClockConfig)
    i.HAL_RCC_GetPCLK1Freq                   0x080015b4   Section        0  stm32f1xx_hal_rcc.o(i.HAL_RCC_GetPCLK1Freq)
    i.HAL_RCC_GetPCLK2Freq                   0x080015d4   Section        0  stm32f1xx_hal_rcc.o(i.HAL_RCC_GetPCLK2Freq)
    i.HAL_RCC_GetSysClockFreq                0x080015f4   Section        0  stm32f1xx_hal_rcc.o(i.HAL_RCC_GetSysClockFreq)
    i.HAL_RCC_OscConfig                      0x08001640   Section        0  stm32f1xx_hal_rcc.o(i.HAL_RCC_OscConfig)
    i.HAL_SYSTICK_Config                     0x08001960   Section        0  stm32f1xx_hal_cortex.o(i.HAL_SYSTICK_Config)
    i.HAL_TIMEx_MasterConfigSynchronization  0x08001988   Section        0  stm32f1xx_hal_tim_ex.o(i.HAL_TIMEx_MasterConfigSynchronization)
    i.HAL_TIM_Base_Init                      0x080019f0   Section        0  stm32f1xx_hal_tim.o(i.HAL_TIM_Base_Init)
    i.HAL_TIM_Base_MspInit                   0x08001a4c   Section        0  stm32f1xx_hal_msp.o(i.HAL_TIM_Base_MspInit)
    i.HAL_TIM_Base_Start                     0x08001a8c   Section        0  stm32f1xx_hal_tim.o(i.HAL_TIM_Base_Start)
    i.HAL_TIM_Base_Stop                      0x08001adc   Section        0  stm32f1xx_hal_tim.o(i.HAL_TIM_Base_Stop)
    i.HAL_TIM_ConfigClockSource              0x08001b02   Section        0  stm32f1xx_hal_tim.o(i.HAL_TIM_ConfigClockSource)
    i.HAL_UARTEx_RxEventCallback             0x08001bde   Section        0  stm32f1xx_hal_uart.o(i.HAL_UARTEx_RxEventCallback)
    i.HAL_UART_ErrorCallback                 0x08001be0   Section        0  stm32f1xx_hal_uart.o(i.HAL_UART_ErrorCallback)
    i.HAL_UART_IRQHandler                    0x08001be4   Section        0  stm32f1xx_hal_uart.o(i.HAL_UART_IRQHandler)
    i.HAL_UART_Init                          0x08001e50   Section        0  stm32f1xx_hal_uart.o(i.HAL_UART_Init)
    i.HAL_UART_MspInit                       0x08001eb4   Section        0  stm32f1xx_hal_msp.o(i.HAL_UART_MspInit)
    i.HAL_UART_Receive_IT                    0x08001f34   Section        0  stm32f1xx_hal_uart.o(i.HAL_UART_Receive_IT)
    i.HAL_UART_RxCpltCallback                0x08001f50   Section        0  main.o(i.HAL_UART_RxCpltCallback)
    i.HAL_UART_TxCpltCallback                0x08001f80   Section        0  stm32f1xx_hal_uart.o(i.HAL_UART_TxCpltCallback)
    i.HardFault_Handler                      0x08001f82   Section        0  stm32f1xx_it.o(i.HardFault_Handler)
    i.I2C_IsAcknowledgeFailed                0x08001f84   Section        0  stm32f1xx_hal_i2c.o(i.I2C_IsAcknowledgeFailed)
    I2C_IsAcknowledgeFailed                  0x08001f85   Thumb Code    46  stm32f1xx_hal_i2c.o(i.I2C_IsAcknowledgeFailed)
    i.I2C_MasterRequestRead                  0x08001fb4   Section        0  stm32f1xx_hal_i2c.o(i.I2C_MasterRequestRead)
    I2C_MasterRequestRead                    0x08001fb5   Thumb Code   230  stm32f1xx_hal_i2c.o(i.I2C_MasterRequestRead)
    i.I2C_MasterRequestWrite                 0x080020a0   Section        0  stm32f1xx_hal_i2c.o(i.I2C_MasterRequestWrite)
    I2C_MasterRequestWrite                   0x080020a1   Thumb Code   150  stm32f1xx_hal_i2c.o(i.I2C_MasterRequestWrite)
    i.I2C_WaitOnBTFFlagUntilTimeout          0x0800213c   Section        0  stm32f1xx_hal_i2c.o(i.I2C_WaitOnBTFFlagUntilTimeout)
    I2C_WaitOnBTFFlagUntilTimeout            0x0800213d   Thumb Code    86  stm32f1xx_hal_i2c.o(i.I2C_WaitOnBTFFlagUntilTimeout)
    i.I2C_WaitOnFlagUntilTimeout             0x08002194   Section        0  stm32f1xx_hal_i2c.o(i.I2C_WaitOnFlagUntilTimeout)
    I2C_WaitOnFlagUntilTimeout               0x08002195   Thumb Code   144  stm32f1xx_hal_i2c.o(i.I2C_WaitOnFlagUntilTimeout)
    i.I2C_WaitOnMasterAddressFlagUntilTimeout 0x08002224   Section        0  stm32f1xx_hal_i2c.o(i.I2C_WaitOnMasterAddressFlagUntilTimeout)
    I2C_WaitOnMasterAddressFlagUntilTimeout  0x08002225   Thumb Code   188  stm32f1xx_hal_i2c.o(i.I2C_WaitOnMasterAddressFlagUntilTimeout)
    i.I2C_WaitOnRXNEFlagUntilTimeout         0x080022e0   Section        0  stm32f1xx_hal_i2c.o(i.I2C_WaitOnRXNEFlagUntilTimeout)
    I2C_WaitOnRXNEFlagUntilTimeout           0x080022e1   Thumb Code   112  stm32f1xx_hal_i2c.o(i.I2C_WaitOnRXNEFlagUntilTimeout)
    i.I2C_WaitOnTXEFlagUntilTimeout          0x08002350   Section        0  stm32f1xx_hal_i2c.o(i.I2C_WaitOnTXEFlagUntilTimeout)
    I2C_WaitOnTXEFlagUntilTimeout            0x08002351   Thumb Code    86  stm32f1xx_hal_i2c.o(i.I2C_WaitOnTXEFlagUntilTimeout)
    i.Is_ringbuf_available                   0x080023a6   Section        0  ringbuff.o(i.Is_ringbuf_available)
    i.MX_ADC1_Init                           0x080023c0   Section        0  main.o(i.MX_ADC1_Init)
    MX_ADC1_Init                             0x080023c1   Thumb Code    54  main.o(i.MX_ADC1_Init)
    i.MX_GPIO_Init                           0x08002400   Section        0  main.o(i.MX_GPIO_Init)
    MX_GPIO_Init                             0x08002401   Thumb Code   136  main.o(i.MX_GPIO_Init)
    i.MX_TIM1_Init                           0x08002494   Section        0  main.o(i.MX_TIM1_Init)
    MX_TIM1_Init                             0x08002495   Thumb Code    76  main.o(i.MX_TIM1_Init)
    i.MX_TIM4_Init                           0x080024e8   Section        0  main.o(i.MX_TIM4_Init)
    MX_TIM4_Init                             0x080024e9   Thumb Code    74  main.o(i.MX_TIM4_Init)
    i.MemManage_Handler                      0x0800253c   Section        0  stm32f1xx_it.o(i.MemManage_Handler)
    i.NMI_Handler                            0x0800253e   Section        0  stm32f1xx_it.o(i.NMI_Handler)
    i.PendSV_Handler                         0x08002540   Section        0  stm32f1xx_it.o(i.PendSV_Handler)
    i.SVC_Handler                            0x08002542   Section        0  stm32f1xx_it.o(i.SVC_Handler)
    i.SimpleKalmanFilter                     0x08002544   Section        0  simplekalmanfilter.o(i.SimpleKalmanFilter)
    i.SysTick_Handler                        0x08002560   Section        0  stm32f1xx_it.o(i.SysTick_Handler)
    i.SystemClock_Config                     0x08002564   Section        0  main.o(i.SystemClock_Config)
    i.SystemInit                             0x080025c4   Section        0  system_stm32f1xx.o(i.SystemInit)
    i.TIM_Base_SetConfig                     0x080025c8   Section        0  stm32f1xx_hal_tim.o(i.TIM_Base_SetConfig)
    i.TIM_ETR_SetConfig                      0x08002634   Section        0  stm32f1xx_hal_tim.o(i.TIM_ETR_SetConfig)
    i.TIM_ITRx_SetConfig                     0x08002648   Section        0  stm32f1xx_hal_tim.o(i.TIM_ITRx_SetConfig)
    TIM_ITRx_SetConfig                       0x08002649   Thumb Code    16  stm32f1xx_hal_tim.o(i.TIM_ITRx_SetConfig)
    i.TIM_TI1_ConfigInputStage               0x08002658   Section        0  stm32f1xx_hal_tim.o(i.TIM_TI1_ConfigInputStage)
    TIM_TI1_ConfigInputStage                 0x08002659   Thumb Code    34  stm32f1xx_hal_tim.o(i.TIM_TI1_ConfigInputStage)
    i.TIM_TI2_ConfigInputStage               0x0800267a   Section        0  stm32f1xx_hal_tim.o(i.TIM_TI2_ConfigInputStage)
    TIM_TI2_ConfigInputStage                 0x0800267b   Thumb Code    36  stm32f1xx_hal_tim.o(i.TIM_TI2_ConfigInputStage)
    i.UART_DMAAbortOnError                   0x0800269e   Section        0  stm32f1xx_hal_uart.o(i.UART_DMAAbortOnError)
    UART_DMAAbortOnError                     0x0800269f   Thumb Code    16  stm32f1xx_hal_uart.o(i.UART_DMAAbortOnError)
    i.UART_EndRxTransfer                     0x080026ae   Section        0  stm32f1xx_hal_uart.o(i.UART_EndRxTransfer)
    UART_EndRxTransfer                       0x080026af   Thumb Code    78  stm32f1xx_hal_uart.o(i.UART_EndRxTransfer)
    i.UART_Receive_IT                        0x080026fc   Section        0  stm32f1xx_hal_uart.o(i.UART_Receive_IT)
    UART_Receive_IT                          0x080026fd   Thumb Code   194  stm32f1xx_hal_uart.o(i.UART_Receive_IT)
    i.UART_SetConfig                         0x080027c0   Section        0  stm32f1xx_hal_uart.o(i.UART_SetConfig)
    UART_SetConfig                           0x080027c1   Thumb Code   178  stm32f1xx_hal_uart.o(i.UART_SetConfig)
    i.UART_Start_Receive_IT                  0x08002878   Section        0  stm32f1xx_hal_uart.o(i.UART_Start_Receive_IT)
    i.USART1_IRQHandler                      0x080028b0   Section        0  stm32f1xx_it.o(i.USART1_IRQHandler)
    i.UsageFault_Handler                     0x080028bc   Section        0  stm32f1xx_it.o(i.UsageFault_Handler)
    i.YL69_init                              0x080028be   Section        0  yl-69.o(i.YL69_init)
    i.__NVIC_SetPriority                     0x080028dc   Section        0  stm32f1xx_hal_cortex.o(i.__NVIC_SetPriority)
    __NVIC_SetPriority                       0x080028dd   Thumb Code    32  stm32f1xx_hal_cortex.o(i.__NVIC_SetPriority)
    i.crc32_step                             0x080028fc   Section        0  min.o(i.crc32_step)
    crc32_step                               0x080028fd   Thumb Code    36  min.o(i.crc32_step)
    i.get_YL_value                           0x08002924   Section        0  yl-69.o(i.get_YL_value)
    i.init_dht11                             0x08002970   Section        0  mk_dht11.o(i.init_dht11)
    i.main                                   0x08002978   Section        0  main.o(i.main)
    i.min_application_handler                0x08002a3c   Section        0  main.o(i.min_application_handler)
    i.min_init_context                       0x08002a58   Section        0  min.o(i.min_init_context)
    i.min_poll                               0x08002a84   Section        0  min.o(i.min_poll)
    i.min_send_frame                         0x08002ba8   Section        0  min.o(i.min_send_frame)
    i.min_time_ms                            0x08002bde   Section        0  uart.o(i.min_time_ms)
    i.min_tx_byte                            0x08002be4   Section        0  uart.o(i.min_tx_byte)
    i.min_tx_finished                        0x08002bf8   Section        0  uart.o(i.min_tx_finished)
    i.min_tx_space                           0x08002bfa   Section        0  uart.o(i.min_tx_space)
    i.min_tx_start                           0x08002c00   Section        0  uart.o(i.min_tx_start)
    i.on_wire_bytes                          0x08002c04   Section        0  min.o(i.on_wire_bytes)
    on_wire_bytes                            0x08002c05   Thumb Code   208  min.o(i.on_wire_bytes)
    i.readDHT11                              0x08002cd4   Section        0  mk_dht11.o(i.readDHT11)
    i.readDataFromSensor                     0x08002e84   Section        0  sensor.o(i.readDataFromSensor)
    i.receive_data                           0x08002ef0   Section        0  uart.o(i.receive_data)
    i.ringbuffer_init                        0x08002efc   Section        0  ringbuff.o(i.ringbuffer_init)
    i.ringbuffer_pop                         0x08002f08   Section        0  ringbuff.o(i.ringbuffer_pop)
    i.ringbuffer_push                        0x08002f30   Section        0  ringbuff.o(i.ringbuffer_push)
    i.rx_byte                                0x08002f58   Section        0  min.o(i.rx_byte)
    rx_byte                                  0x08002f59   Thumb Code   306  min.o(i.rx_byte)
    i.send_ack                               0x0800308c   Section        0  min.o(i.send_ack)
    send_ack                                 0x0800308d   Thumb Code    50  min.o(i.send_ack)
    i.sensor_handle                          0x080030c4   Section        0  sensor.o(i.sensor_handle)
    i.sensor_init                            0x080030d8   Section        0  sensor.o(i.sensor_init)
    i.separate_16_to_8                       0x08003178   Section        0  uart.o(i.separate_16_to_8)
    i.separate_32_to_8                       0x08003180   Section        0  uart.o(i.separate_32_to_8)
    i.set_dht11_gpio_mode                    0x08003190   Section        0  mk_dht11.o(i.set_dht11_gpio_mode)
    i.stuffed_tx_byte                        0x080031c0   Section        0  min.o(i.stuffed_tx_byte)
    stuffed_tx_byte                          0x080031c1   Thumb Code    66  min.o(i.stuffed_tx_byte)
    i.transport_fifo_reset                   0x08003204   Section        0  min.o(i.transport_fifo_reset)
    transport_fifo_reset                     0x08003205   Thumb Code    52  min.o(i.transport_fifo_reset)
    i.transport_fifo_send                    0x0800323c   Section        0  min.o(i.transport_fifo_send)
    transport_fifo_send                      0x0800323d   Thumb Code    38  min.o(i.transport_fifo_send)
    i.uart_available                         0x0800326c   Section        0  uart.o(i.uart_available)
    i.uart_init                              0x08003278   Section        0  uart.o(i.uart_init)
    i.uart_read                              0x080032a4   Section        0  uart.o(i.uart_read)
    i.uart_receive_min                       0x080032b8   Section        0  uart.o(i.uart_receive_min)
    i.uart_sendFrame                         0x080032dc   Section        0  uart.o(i.uart_sendFrame)
    i.uart_send_min                          0x080032f0   Section        0  uart.o(i.uart_send_min)
    i.updateEstimate                         0x08003370   Section        0  simplekalmanfilter.o(i.updateEstimate)
    i.valid_frame_received                   0x08003434   Section        0  min.o(i.valid_frame_received)
    valid_frame_received                     0x08003435   Thumb Code   252  min.o(i.valid_frame_received)
    x$fpl$d2f                                0x08003534   Section       98  d2f.o(x$fpl$d2f)
    x$fpl$dadd                               0x08003598   Section      336  daddsub_clz.o(x$fpl$dadd)
    _dadd1                                   0x080035a9   Thumb Code     0  daddsub_clz.o(x$fpl$dadd)
    x$fpl$ddiv                               0x080036e8   Section      688  ddiv.o(x$fpl$ddiv)
    ddiv_entry                               0x080036ef   Thumb Code     0  ddiv.o(x$fpl$ddiv)
    x$fpl$dfixu                              0x08003998   Section       90  dfixu.o(x$fpl$dfixu)
    x$fpl$dfltu                              0x080039f2   Section       38  dflt_clz.o(x$fpl$dfltu)
    x$fpl$dmul                               0x08003a18   Section      340  dmul.o(x$fpl$dmul)
    x$fpl$dnaninf                            0x08003b6c   Section      156  dnaninf.o(x$fpl$dnaninf)
    x$fpl$dretinf                            0x08003c08   Section       12  dretinf.o(x$fpl$dretinf)
    x$fpl$drsb                               0x08003c14   Section       22  daddsub_clz.o(x$fpl$drsb)
    x$fpl$dsub                               0x08003c2c   Section      468  daddsub_clz.o(x$fpl$dsub)
    _dsub1                                   0x08003c3d   Thumb Code     0  daddsub_clz.o(x$fpl$dsub)
    x$fpl$f2d                                0x08003e00   Section       86  f2d.o(x$fpl$f2d)
    x$fpl$fadd                               0x08003e58   Section      196  faddsub_clz.o(x$fpl$fadd)
    _fadd1                                   0x08003e67   Thumb Code     0  faddsub_clz.o(x$fpl$fadd)
    x$fpl$fdiv                               0x08003f1c   Section      388  fdiv.o(x$fpl$fdiv)
    _fdiv1                                   0x08003f1d   Thumb Code     0  fdiv.o(x$fpl$fdiv)
    x$fpl$ffixu                              0x080040a0   Section       62  ffixu.o(x$fpl$ffixu)
    x$fpl$ffltu                              0x080040e0   Section       38  fflt_clz.o(x$fpl$ffltu)
    x$fpl$fmul                               0x08004108   Section      258  fmul.o(x$fpl$fmul)
    x$fpl$fnaninf                            0x0800420a   Section      140  fnaninf.o(x$fpl$fnaninf)
    x$fpl$fretinf                            0x08004296   Section       10  fretinf.o(x$fpl$fretinf)
    x$fpl$frsb                               0x080042a0   Section       20  faddsub_clz.o(x$fpl$frsb)
    x$fpl$fsub                               0x080042b4   Section      234  faddsub_clz.o(x$fpl$fsub)
    _fsub1                                   0x080042c3   Thumb Code     0  faddsub_clz.o(x$fpl$fsub)
    .constdata                               0x0800439e   Section       18  stm32f1xx_hal_rcc.o(.constdata)
    x$fpl$usenofp                            0x0800439e   Section        0  usenofp.o(x$fpl$usenofp)
    aPredivFactorTable                       0x0800439e   Data           2  stm32f1xx_hal_rcc.o(.constdata)
    aPLLMULFactorTable                       0x080043a0   Data          16  stm32f1xx_hal_rcc.o(.constdata)
    .constdata                               0x080043b0   Section       18  stm32f1xx_hal_rcc_ex.o(.constdata)
    aPredivFactorTable                       0x080043b0   Data           2  stm32f1xx_hal_rcc_ex.o(.constdata)
    aPLLMULFactorTable                       0x080043b2   Data          16  stm32f1xx_hal_rcc_ex.o(.constdata)
    .constdata                               0x080043c2   Section       16  system_stm32f1xx.o(.constdata)
    .constdata                               0x080043d2   Section        8  system_stm32f1xx.o(.constdata)
    .data                                    0x20000000   Section        8  main.o(.data)
    data_flag                                0x20000000   Data           1  main.o(.data)
    status_flag                              0x20000001   Data           1  main.o(.data)
    uart_data_rx                             0x20000002   Data           1  main.o(.data)
    .data                                    0x20000008   Section       12  stm32f1xx_hal.o(.data)
    .data                                    0x20000014   Section        4  system_stm32f1xx.o(.data)
    .data                                    0x20000018   Section       17  uart.o(.data)
    buf_test                                 0x20000018   Data           1  uart.o(.data)
    .data                                    0x2000002c   Section        4  min.o(.data)
    now                                      0x2000002c   Data           4  min.o(.data)
    .data                                    0x20000030   Section        4  delay_timer.o(.data)
    .data                                    0x20000034   Section        8  simplekalmanfilter.o(.data)
    .bss                                     0x2000003c   Section      360  main.o(.bss)
    .bss                                     0x200001a4   Section     1124  uart.o(.bss)
    buff                                     0x200001a4   Data          64  uart.o(.bss)
    bufSending                               0x200001e4   Data          10  uart.o(.bss)
    .bss                                     0x20000608   Section       68  sensor.o(.bss)
    .bss                                     0x2000064c   Section     1024  min.o(.bss)
    .bss                                     0x20000a4c   Section       20  bh1750.o(.bss)
    .bss                                     0x20000a60   Section       64  simplekalmanfilter.o(.bss)
    .bss                                     0x20000aa0   Section       96  libspace.o(.bss)
    HEAP                                     0x20000b00   Section      512  startup_stm32f103xb.o(HEAP)
    Heap_Mem                                 0x20000b00   Data         512  startup_stm32f103xb.o(HEAP)
    STACK                                    0x20000d00   Section     1024  startup_stm32f103xb.o(STACK)
    Stack_Mem                                0x20000d00   Data        1024  startup_stm32f103xb.o(STACK)
    __initial_sp                             0x20001100   Data           0  startup_stm32f103xb.o(STACK)

    Global Symbols

    Symbol Name                              Value     Ov Type        Size  Object(Section)

    BuildAttributes$$THM_ISAv4$P$D$K$B$S$PE$A:L22UL41UL21$X:L11$S22US41US21$IEEE1$IW$USESV6$~STKCKD$USESV7$~SHL$OSPACE$ROPI$EBA8$UX$STANDARDLIB$REQ8$PRES8$EABIv2 0x00000000   Number         0  anon$$obj.o ABSOLUTE
    __ARM_use_no_argv                        0x00000000   Number         0  main.o ABSOLUTE
    __ARM_exceptions_init                     - Undefined Weak Reference
    __alloca_initialize                       - Undefined Weak Reference
    __arm_preinit_                            - Undefined Weak Reference
    __cpp_initialize__aeabi_                  - Undefined Weak Reference
    __cxa_finalize                            - Undefined Weak Reference
    __rt_locale                               - Undefined Weak Reference
    __sigvec_lookup                           - Undefined Weak Reference
    _atexit_init                              - Undefined Weak Reference
    _call_atexit_fns                          - Undefined Weak Reference
    _clock_init                               - Undefined Weak Reference
    _fp_trap_init                             - Undefined Weak Reference
    _fp_trap_shutdown                         - Undefined Weak Reference
    _get_lc_collate                           - Undefined Weak Reference
    _get_lc_ctype                             - Undefined Weak Reference
    _get_lc_monetary                          - Undefined Weak Reference
    _get_lc_numeric                           - Undefined Weak Reference
    _get_lc_time                              - Undefined Weak Reference
    _getenv_init                              - Undefined Weak Reference
    _handle_redirection                       - Undefined Weak Reference
    _init_alloc                               - Undefined Weak Reference
    _init_user_alloc                          - Undefined Weak Reference
    _initio                                   - Undefined Weak Reference
    _rand_init                                - Undefined Weak Reference
    _signal_finish                            - Undefined Weak Reference
    _signal_init                              - Undefined Weak Reference
    _terminate_alloc                          - Undefined Weak Reference
    _terminate_user_alloc                     - Undefined Weak Reference
    _terminateio                              - Undefined Weak Reference
    __Vectors_Size                           0x000000ec   Number         0  startup_stm32f103xb.o ABSOLUTE
    __Vectors                                0x08000000   Data           4  startup_stm32f103xb.o(RESET)
    __Vectors_End                            0x080000ec   Data           0  startup_stm32f103xb.o(RESET)
    __main                                   0x080000ed   Thumb Code     8  __main.o(!!!main)
    __scatterload                            0x080000f5   Thumb Code     0  __scatter.o(!!!scatter)
    __scatterload_rt2                        0x080000f5   Thumb Code    44  __scatter.o(!!!scatter)
    __scatterload_rt2_thumb_only             0x080000f5   Thumb Code     0  __scatter.o(!!!scatter)
    __scatterload_null                       0x08000103   Thumb Code     0  __scatter.o(!!!scatter)
    __scatterload_copy                       0x08000129   Thumb Code    26  __scatter_copy.o(!!handler_copy)
    __scatterload_zeroinit                   0x08000145   Thumb Code    28  __scatter_zi.o(!!handler_zi)
    __rt_lib_init                            0x08000161   Thumb Code     0  libinit.o(.ARM.Collect$$libinit$$00000000)
    __rt_lib_init_alloca_1                   0x08000163   Thumb Code     0  libinit2.o(.ARM.Collect$$libinit$$0000002E)
    __rt_lib_init_argv_1                     0x08000163   Thumb Code     0  libinit2.o(.ARM.Collect$$libinit$$0000002C)
    __rt_lib_init_atexit_1                   0x08000163   Thumb Code     0  libinit2.o(.ARM.Collect$$libinit$$0000001B)
    __rt_lib_init_clock_1                    0x08000163   Thumb Code     0  libinit2.o(.ARM.Collect$$libinit$$00000021)
    __rt_lib_init_cpp_1                      0x08000163   Thumb Code     0  libinit2.o(.ARM.Collect$$libinit$$00000032)
    __rt_lib_init_exceptions_1               0x08000163   Thumb Code     0  libinit2.o(.ARM.Collect$$libinit$$00000030)
    __rt_lib_init_fp_1                       0x08000163   Thumb Code     0  libinit2.o(.ARM.Collect$$libinit$$00000002)
    __rt_lib_init_fp_trap_1                  0x08000163   Thumb Code     0  libinit2.o(.ARM.Collect$$libinit$$0000001F)
    __rt_lib_init_getenv_1                   0x08000163   Thumb Code     0  libinit2.o(.ARM.Collect$$libinit$$00000023)
    __rt_lib_init_heap_1                     0x08000163   Thumb Code     0  libinit2.o(.ARM.Collect$$libinit$$0000000A)
    __rt_lib_init_lc_collate_1               0x08000163   Thumb Code     0  libinit2.o(.ARM.Collect$$libinit$$00000011)
    __rt_lib_init_lc_ctype_1                 0x08000163   Thumb Code     0  libinit2.o(.ARM.Collect$$libinit$$00000013)
    __rt_lib_init_lc_monetary_1              0x08000163   Thumb Code     0  libinit2.o(.ARM.Collect$$libinit$$00000015)
    __rt_lib_init_lc_numeric_1               0x08000163   Thumb Code     0  libinit2.o(.ARM.Collect$$libinit$$00000017)
    __rt_lib_init_lc_time_1                  0x08000163   Thumb Code     0  libinit2.o(.ARM.Collect$$libinit$$00000019)
    __rt_lib_init_preinit_1                  0x08000163   Thumb Code     0  libinit2.o(.ARM.Collect$$libinit$$00000004)
    __rt_lib_init_rand_1                     0x08000163   Thumb Code     0  libinit2.o(.ARM.Collect$$libinit$$0000000E)
    __rt_lib_init_return                     0x08000163   Thumb Code     0  libinit2.o(.ARM.Collect$$libinit$$00000033)
    __rt_lib_init_signal_1                   0x08000163   Thumb Code     0  libinit2.o(.ARM.Collect$$libinit$$0000001D)
    __rt_lib_init_stdio_1                    0x08000163   Thumb Code     0  libinit2.o(.ARM.Collect$$libinit$$00000025)
    __rt_lib_init_user_alloc_1               0x08000163   Thumb Code     0  libinit2.o(.ARM.Collect$$libinit$$0000000C)
    __rt_lib_shutdown                        0x08000165   Thumb Code     0  libshutdown.o(.ARM.Collect$$libshutdown$$00000000)
    __rt_lib_shutdown_cpp_1                  0x08000167   Thumb Code     0  libshutdown2.o(.ARM.Collect$$libshutdown$$00000002)
    __rt_lib_shutdown_fp_trap_1              0x08000167   Thumb Code     0  libshutdown2.o(.ARM.Collect$$libshutdown$$00000007)
    __rt_lib_shutdown_heap_1                 0x08000167   Thumb Code     0  libshutdown2.o(.ARM.Collect$$libshutdown$$0000000F)
    __rt_lib_shutdown_return                 0x08000167   Thumb Code     0  libshutdown2.o(.ARM.Collect$$libshutdown$$00000010)
    __rt_lib_shutdown_signal_1               0x08000167   Thumb Code     0  libshutdown2.o(.ARM.Collect$$libshutdown$$0000000A)
    __rt_lib_shutdown_stdio_1                0x08000167   Thumb Code     0  libshutdown2.o(.ARM.Collect$$libshutdown$$00000004)
    __rt_lib_shutdown_user_alloc_1           0x08000167   Thumb Code     0  libshutdown2.o(.ARM.Collect$$libshutdown$$0000000C)
    __rt_entry                               0x08000169   Thumb Code     0  __rtentry.o(.ARM.Collect$$rtentry$$00000000)
    __rt_entry_presh_1                       0x08000169   Thumb Code     0  __rtentry2.o(.ARM.Collect$$rtentry$$00000002)
    __rt_entry_sh                            0x08000169   Thumb Code     0  __rtentry4.o(.ARM.Collect$$rtentry$$00000004)
    __rt_entry_li                            0x0800016f   Thumb Code     0  __rtentry2.o(.ARM.Collect$$rtentry$$0000000A)
    __rt_entry_postsh_1                      0x0800016f   Thumb Code     0  __rtentry2.o(.ARM.Collect$$rtentry$$00000009)
    __rt_entry_main                          0x08000173   Thumb Code     0  __rtentry2.o(.ARM.Collect$$rtentry$$0000000D)
    __rt_entry_postli_1                      0x08000173   Thumb Code     0  __rtentry2.o(.ARM.Collect$$rtentry$$0000000C)
    __rt_exit                                0x0800017b   Thumb Code     0  rtexit.o(.ARM.Collect$$rtexit$$00000000)
    __rt_exit_ls                             0x0800017d   Thumb Code     0  rtexit2.o(.ARM.Collect$$rtexit$$00000003)
    __rt_exit_prels_1                        0x0800017d   Thumb Code     0  rtexit2.o(.ARM.Collect$$rtexit$$00000002)
    __rt_exit_exit                           0x08000181   Thumb Code     0  rtexit2.o(.ARM.Collect$$rtexit$$00000004)
    Reset_Handler                            0x08000189   Thumb Code     8  startup_stm32f103xb.o(.text)
    ADC1_2_IRQHandler                        0x080001a3   Thumb Code     0  startup_stm32f103xb.o(.text)
    CAN1_RX1_IRQHandler                      0x080001a3   Thumb Code     0  startup_stm32f103xb.o(.text)
    CAN1_SCE_IRQHandler                      0x080001a3   Thumb Code     0  startup_stm32f103xb.o(.text)
    DMA1_Channel1_IRQHandler                 0x080001a3   Thumb Code     0  startup_stm32f103xb.o(.text)
    DMA1_Channel2_IRQHandler                 0x080001a3   Thumb Code     0  startup_stm32f103xb.o(.text)
    DMA1_Channel3_IRQHandler                 0x080001a3   Thumb Code     0  startup_stm32f103xb.o(.text)
    DMA1_Channel4_IRQHandler                 0x080001a3   Thumb Code     0  startup_stm32f103xb.o(.text)
    DMA1_Channel5_IRQHandler                 0x080001a3   Thumb Code     0  startup_stm32f103xb.o(.text)
    DMA1_Channel6_IRQHandler                 0x080001a3   Thumb Code     0  startup_stm32f103xb.o(.text)
    DMA1_Channel7_IRQHandler                 0x080001a3   Thumb Code     0  startup_stm32f103xb.o(.text)
    EXTI0_IRQHandler                         0x080001a3   Thumb Code     0  startup_stm32f103xb.o(.text)
    EXTI15_10_IRQHandler                     0x080001a3   Thumb Code     0  startup_stm32f103xb.o(.text)
    EXTI1_IRQHandler                         0x080001a3   Thumb Code     0  startup_stm32f103xb.o(.text)
    EXTI2_IRQHandler                         0x080001a3   Thumb Code     0  startup_stm32f103xb.o(.text)
    EXTI3_IRQHandler                         0x080001a3   Thumb Code     0  startup_stm32f103xb.o(.text)
    EXTI4_IRQHandler                         0x080001a3   Thumb Code     0  startup_stm32f103xb.o(.text)
    EXTI9_5_IRQHandler                       0x080001a3   Thumb Code     0  startup_stm32f103xb.o(.text)
    FLASH_IRQHandler                         0x080001a3   Thumb Code     0  startup_stm32f103xb.o(.text)
    I2C1_ER_IRQHandler                       0x080001a3   Thumb Code     0  startup_stm32f103xb.o(.text)
    I2C1_EV_IRQHandler                       0x080001a3   Thumb Code     0  startup_stm32f103xb.o(.text)
    I2C2_ER_IRQHandler                       0x080001a3   Thumb Code     0  startup_stm32f103xb.o(.text)
    I2C2_EV_IRQHandler                       0x080001a3   Thumb Code     0  startup_stm32f103xb.o(.text)
    PVD_IRQHandler                           0x080001a3   Thumb Code     0  startup_stm32f103xb.o(.text)
    RCC_IRQHandler                           0x080001a3   Thumb Code     0  startup_stm32f103xb.o(.text)
    RTC_Alarm_IRQHandler                     0x080001a3   Thumb Code     0  startup_stm32f103xb.o(.text)
    RTC_IRQHandler                           0x080001a3   Thumb Code     0  startup_stm32f103xb.o(.text)
    SPI1_IRQHandler                          0x080001a3   Thumb Code     0  startup_stm32f103xb.o(.text)
    SPI2_IRQHandler                          0x080001a3   Thumb Code     0  startup_stm32f103xb.o(.text)
    TAMPER_IRQHandler                        0x080001a3   Thumb Code     0  startup_stm32f103xb.o(.text)
    TIM1_BRK_IRQHandler                      0x080001a3   Thumb Code     0  startup_stm32f103xb.o(.text)
    TIM1_CC_IRQHandler                       0x080001a3   Thumb Code     0  startup_stm32f103xb.o(.text)
    TIM1_TRG_COM_IRQHandler                  0x080001a3   Thumb Code     0  startup_stm32f103xb.o(.text)
    TIM1_UP_IRQHandler                       0x080001a3   Thumb Code     0  startup_stm32f103xb.o(.text)
    TIM2_IRQHandler                          0x080001a3   Thumb Code     0  startup_stm32f103xb.o(.text)
    TIM3_IRQHandler                          0x080001a3   Thumb Code     0  startup_stm32f103xb.o(.text)
    TIM4_IRQHandler                          0x080001a3   Thumb Code     0  startup_stm32f103xb.o(.text)
    USART2_IRQHandler                        0x080001a3   Thumb Code     0  startup_stm32f103xb.o(.text)
    USART3_IRQHandler                        0x080001a3   Thumb Code     0  startup_stm32f103xb.o(.text)
    USBWakeUp_IRQHandler                     0x080001a3   Thumb Code     0  startup_stm32f103xb.o(.text)
    USB_HP_CAN1_TX_IRQHandler                0x080001a3   Thumb Code     0  startup_stm32f103xb.o(.text)
    USB_LP_CAN1_RX0_IRQHandler               0x080001a3   Thumb Code     0  startup_stm32f103xb.o(.text)
    WWDG_IRQHandler                          0x080001a3   Thumb Code     0  startup_stm32f103xb.o(.text)
    __user_initial_stackheap                 0x080001a5   Thumb Code     0  startup_stm32f103xb.o(.text)
    __aeabi_memcpy4                          0x080001c9   Thumb Code     0  rt_memcpy_w.o(.text)
    __aeabi_memcpy8                          0x080001c9   Thumb Code     0  rt_memcpy_w.o(.text)
    __rt_memcpy_w                            0x080001c9   Thumb Code   100  rt_memcpy_w.o(.text)
    _memcpy_lastbytes_aligned                0x08000211   Thumb Code     0  rt_memcpy_w.o(.text)
    __aeabi_memclr4                          0x0800022d   Thumb Code     0  rt_memclr_w.o(.text)
    __aeabi_memclr8                          0x0800022d   Thumb Code     0  rt_memclr_w.o(.text)
    __rt_memclr_w                            0x0800022d   Thumb Code    78  rt_memclr_w.o(.text)
    _memset_w                                0x08000231   Thumb Code     0  rt_memclr_w.o(.text)
    __use_two_region_memory                  0x0800027b   Thumb Code     2  heapauxi.o(.text)
    __rt_heap_escrow$2region                 0x0800027d   Thumb Code     2  heapauxi.o(.text)
    __rt_heap_expand$2region                 0x0800027f   Thumb Code     2  heapauxi.o(.text)
    __user_setup_stackheap                   0x08000281   Thumb Code    74  sys_stackheap_outer.o(.text)
    exit                                     0x080002cb   Thumb Code    18  exit.o(.text)
    __user_libspace                          0x080002dd   Thumb Code     8  libspace.o(.text)
    __user_perproc_libspace                  0x080002dd   Thumb Code     0  libspace.o(.text)
    __user_perthread_libspace                0x080002dd   Thumb Code     0  libspace.o(.text)
    _sys_exit                                0x080002e5   Thumb Code     8  sys_exit.o(.text)
    __I$use$semihosting                      0x080002f1   Thumb Code     0  use_no_semi.o(.text)
    __use_no_semihosting_swi                 0x080002f1   Thumb Code     2  use_no_semi.o(.text)
    __semihosting_library_function           0x080002f3   Thumb Code     0  indicate_semi.o(.text)
    ADC_ConversionStop_Disable               0x080002f5   Thumb Code    86  stm32f1xx_hal_adc.o(i.ADC_ConversionStop_Disable)
    ADC_Enable                               0x0800034d   Thumb Code   114  stm32f1xx_hal_adc.o(i.ADC_Enable)
    BH1750_Cmd_Write                         0x080003c9   Thumb Code    36  bh1750.o(i.BH1750_Cmd_Write)
    BH1750_Init                              0x080003f5   Thumb Code    70  bh1750.o(i.BH1750_Init)
    BH1750_Read                              0x0800044d   Thumb Code    78  bh1750.o(i.BH1750_Read)
    BusFault_Handler                         0x080004a9   Thumb Code     2  stm32f1xx_it.o(i.BusFault_Handler)
    DELAY_US_Init                            0x080004ad   Thumb Code     6  delay_timer.o(i.DELAY_US_Init)
    DebugMon_Handler                         0x080004b9   Thumb Code     2  stm32f1xx_it.o(i.DebugMon_Handler)
    HAL_ADC_ConfigChannel                    0x080004bd   Thumb Code   240  stm32f1xx_hal_adc.o(i.HAL_ADC_ConfigChannel)
    HAL_ADC_GetValue                         0x080005b9   Thumb Code     6  stm32f1xx_hal_adc.o(i.HAL_ADC_GetValue)
    HAL_ADC_Init                             0x080005c1   Thumb Code   272  stm32f1xx_hal_adc.o(i.HAL_ADC_Init)
    HAL_ADC_MspInit                          0x080006dd   Thumb Code    76  stm32f1xx_hal_msp.o(i.HAL_ADC_MspInit)
    HAL_ADC_PollForConversion                0x08000735   Thumb Code   304  stm32f1xx_hal_adc.o(i.HAL_ADC_PollForConversion)
    HAL_ADC_Start                            0x08000871   Thumb Code   184  stm32f1xx_hal_adc.o(i.HAL_ADC_Start)
    HAL_ADC_Stop                             0x08000931   Thumb Code    52  stm32f1xx_hal_adc.o(i.HAL_ADC_Stop)
    HAL_DMA_Abort                            0x08000965   Thumb Code    70  stm32f1xx_hal_dma.o(i.HAL_DMA_Abort)
    HAL_DMA_Abort_IT                         0x080009ad   Thumb Code   148  stm32f1xx_hal_dma.o(i.HAL_DMA_Abort_IT)
    HAL_Delay                                0x08000a45   Thumb Code    32  stm32f1xx_hal.o(i.HAL_Delay)
    HAL_GPIO_Init                            0x08000a69   Thumb Code   446  stm32f1xx_hal_gpio.o(i.HAL_GPIO_Init)
    HAL_GPIO_ReadPin                         0x08000c49   Thumb Code    10  stm32f1xx_hal_gpio.o(i.HAL_GPIO_ReadPin)
    HAL_GPIO_WritePin                        0x08000c53   Thumb Code    10  stm32f1xx_hal_gpio.o(i.HAL_GPIO_WritePin)
    HAL_GetTick                              0x08000c5d   Thumb Code     6  stm32f1xx_hal.o(i.HAL_GetTick)
    HAL_I2C_Init                             0x08000c69   Thumb Code   376  stm32f1xx_hal_i2c.o(i.HAL_I2C_Init)
    HAL_I2C_Master_Receive                   0x08000df1   Thumb Code   576  stm32f1xx_hal_i2c.o(i.HAL_I2C_Master_Receive)
    HAL_I2C_Master_Transmit                  0x08001041   Thumb Code   290  stm32f1xx_hal_i2c.o(i.HAL_I2C_Master_Transmit)
    HAL_I2C_MspInit                          0x0800116d   Thumb Code    80  stm32f1xx_hal_msp.o(i.HAL_I2C_MspInit)
    HAL_IncTick                              0x080011c9   Thumb Code    12  stm32f1xx_hal.o(i.HAL_IncTick)
    HAL_Init                                 0x080011d9   Thumb Code    32  stm32f1xx_hal.o(i.HAL_Init)
    HAL_InitTick                             0x080011fd   Thumb Code    54  stm32f1xx_hal.o(i.HAL_InitTick)
    HAL_MspInit                              0x0800123d   Thumb Code    52  stm32f1xx_hal_msp.o(i.HAL_MspInit)
    HAL_NVIC_EnableIRQ                       0x08001279   Thumb Code    26  stm32f1xx_hal_cortex.o(i.HAL_NVIC_EnableIRQ)
    HAL_NVIC_SetPriority                     0x08001295   Thumb Code    60  stm32f1xx_hal_cortex.o(i.HAL_NVIC_SetPriority)
    HAL_NVIC_SetPriorityGrouping             0x080012d5   Thumb Code    26  stm32f1xx_hal_cortex.o(i.HAL_NVIC_SetPriorityGrouping)
    HAL_RCCEx_GetPeriphCLKFreq               0x080012f9   Thumb Code   148  stm32f1xx_hal_rcc_ex.o(i.HAL_RCCEx_GetPeriphCLKFreq)
    HAL_RCCEx_PeriphCLKConfig                0x0800139d   Thumb Code   224  stm32f1xx_hal_rcc_ex.o(i.HAL_RCCEx_PeriphCLKConfig)
    HAL_RCC_ClockConfig                      0x08001489   Thumb Code   280  stm32f1xx_hal_rcc.o(i.HAL_RCC_ClockConfig)
    HAL_RCC_GetPCLK1Freq                     0x080015b5   Thumb Code    20  stm32f1xx_hal_rcc.o(i.HAL_RCC_GetPCLK1Freq)
    HAL_RCC_GetPCLK2Freq                     0x080015d5   Thumb Code    20  stm32f1xx_hal_rcc.o(i.HAL_RCC_GetPCLK2Freq)
    HAL_RCC_GetSysClockFreq                  0x080015f5   Thumb Code    58  stm32f1xx_hal_rcc.o(i.HAL_RCC_GetSysClockFreq)
    HAL_RCC_OscConfig                        0x08001641   Thumb Code   778  stm32f1xx_hal_rcc.o(i.HAL_RCC_OscConfig)
    HAL_SYSTICK_Config                       0x08001961   Thumb Code    40  stm32f1xx_hal_cortex.o(i.HAL_SYSTICK_Config)
    HAL_TIMEx_MasterConfigSynchronization    0x08001989   Thumb Code    92  stm32f1xx_hal_tim_ex.o(i.HAL_TIMEx_MasterConfigSynchronization)
    HAL_TIM_Base_Init                        0x080019f1   Thumb Code    90  stm32f1xx_hal_tim.o(i.HAL_TIM_Base_Init)
    HAL_TIM_Base_MspInit                     0x08001a4d   Thumb Code    52  stm32f1xx_hal_msp.o(i.HAL_TIM_Base_MspInit)
    HAL_TIM_Base_Start                       0x08001a8d   Thumb Code    66  stm32f1xx_hal_tim.o(i.HAL_TIM_Base_Start)
    HAL_TIM_Base_Stop                        0x08001add   Thumb Code    38  stm32f1xx_hal_tim.o(i.HAL_TIM_Base_Stop)
    HAL_TIM_ConfigClockSource                0x08001b03   Thumb Code   220  stm32f1xx_hal_tim.o(i.HAL_TIM_ConfigClockSource)
    HAL_UARTEx_RxEventCallback               0x08001bdf   Thumb Code     2  stm32f1xx_hal_uart.o(i.HAL_UARTEx_RxEventCallback)
    HAL_UART_ErrorCallback                   0x08001be1   Thumb Code     2  stm32f1xx_hal_uart.o(i.HAL_UART_ErrorCallback)
    HAL_UART_IRQHandler                      0x08001be5   Thumb Code   616  stm32f1xx_hal_uart.o(i.HAL_UART_IRQHandler)
    HAL_UART_Init                            0x08001e51   Thumb Code   100  stm32f1xx_hal_uart.o(i.HAL_UART_Init)
    HAL_UART_MspInit                         0x08001eb5   Thumb Code   116  stm32f1xx_hal_msp.o(i.HAL_UART_MspInit)
    HAL_UART_Receive_IT                      0x08001f35   Thumb Code    28  stm32f1xx_hal_uart.o(i.HAL_UART_Receive_IT)
    HAL_UART_RxCpltCallback                  0x08001f51   Thumb Code    38  main.o(i.HAL_UART_RxCpltCallback)
    HAL_UART_TxCpltCallback                  0x08001f81   Thumb Code     2  stm32f1xx_hal_uart.o(i.HAL_UART_TxCpltCallback)
    HardFault_Handler                        0x08001f83   Thumb Code     2  stm32f1xx_it.o(i.HardFault_Handler)
    Is_ringbuf_available                     0x080023a7   Thumb Code    24  ringbuff.o(i.Is_ringbuf_available)
    MemManage_Handler                        0x0800253d   Thumb Code     2  stm32f1xx_it.o(i.MemManage_Handler)
    NMI_Handler                              0x0800253f   Thumb Code     2  stm32f1xx_it.o(i.NMI_Handler)
    PendSV_Handler                           0x08002541   Thumb Code     2  stm32f1xx_it.o(i.PendSV_Handler)
    SVC_Handler                              0x08002543   Thumb Code     2  stm32f1xx_it.o(i.SVC_Handler)
    SimpleKalmanFilter                       0x08002545   Thumb Code    18  simplekalmanfilter.o(i.SimpleKalmanFilter)
    SysTick_Handler                          0x08002561   Thumb Code     4  stm32f1xx_it.o(i.SysTick_Handler)
    SystemClock_Config                       0x08002565   Thumb Code    96  main.o(i.SystemClock_Config)
    SystemInit                               0x080025c5   Thumb Code     2  system_stm32f1xx.o(i.SystemInit)
    TIM_Base_SetConfig                       0x080025c9   Thumb Code    94  stm32f1xx_hal_tim.o(i.TIM_Base_SetConfig)
    TIM_ETR_SetConfig                        0x08002635   Thumb Code    20  stm32f1xx_hal_tim.o(i.TIM_ETR_SetConfig)
    UART_Start_Receive_IT                    0x08002879   Thumb Code    54  stm32f1xx_hal_uart.o(i.UART_Start_Receive_IT)
    USART1_IRQHandler                        0x080028b1   Thumb Code     6  stm32f1xx_it.o(i.USART1_IRQHandler)
    UsageFault_Handler                       0x080028bd   Thumb Code     2  stm32f1xx_it.o(i.UsageFault_Handler)
    YL69_init                                0x080028bf   Thumb Code    30  yl-69.o(i.YL69_init)
    get_YL_value                             0x08002925   Thumb Code    62  yl-69.o(i.get_YL_value)
    init_dht11                               0x08002971   Thumb Code     8  mk_dht11.o(i.init_dht11)
    main                                     0x08002979   Thumb Code   174  main.o(i.main)
    min_application_handler                  0x08002a3d   Thumb Code    24  main.o(i.min_application_handler)
    min_init_context                         0x08002a59   Thumb Code    42  min.o(i.min_init_context)
    min_poll                                 0x08002a85   Thumb Code   288  min.o(i.min_poll)
    min_send_frame                           0x08002ba9   Thumb Code    54  min.o(i.min_send_frame)
    min_time_ms                              0x08002bdf   Thumb Code     4  uart.o(i.min_time_ms)
    min_tx_byte                              0x08002be5   Thumb Code    14  uart.o(i.min_tx_byte)
    min_tx_finished                          0x08002bf9   Thumb Code     2  uart.o(i.min_tx_finished)
    min_tx_space                             0x08002bfb   Thumb Code     6  uart.o(i.min_tx_space)
    min_tx_start                             0x08002c01   Thumb Code     2  uart.o(i.min_tx_start)
    readDHT11                                0x08002cd5   Thumb Code   432  mk_dht11.o(i.readDHT11)
    readDataFromSensor                       0x08002e85   Thumb Code   100  sensor.o(i.readDataFromSensor)
    receive_data                             0x08002ef1   Thumb Code     8  uart.o(i.receive_data)
    ringbuffer_init                          0x08002efd   Thumb Code    12  ringbuff.o(i.ringbuffer_init)
    ringbuffer_pop                           0x08002f09   Thumb Code    40  ringbuff.o(i.ringbuffer_pop)
    ringbuffer_push                          0x08002f31   Thumb Code    38  ringbuff.o(i.ringbuffer_push)
    sensor_handle                            0x080030c5   Thumb Code    20  sensor.o(i.sensor_handle)
    sensor_init                              0x080030d9   Thumb Code   126  sensor.o(i.sensor_init)
    separate_16_to_8                         0x08003179   Thumb Code     8  uart.o(i.separate_16_to_8)
    separate_32_to_8                         0x08003181   Thumb Code    16  uart.o(i.separate_32_to_8)
    set_dht11_gpio_mode                      0x08003191   Thumb Code    48  mk_dht11.o(i.set_dht11_gpio_mode)
    uart_available                           0x0800326d   Thumb Code     6  uart.o(i.uart_available)
    uart_init                                0x08003279   Thumb Code    36  uart.o(i.uart_init)
    uart_read                                0x080032a5   Thumb Code    16  uart.o(i.uart_read)
    uart_receive_min                         0x080032b9   Thumb Code    32  uart.o(i.uart_receive_min)
    uart_sendFrame                           0x080032dd   Thumb Code    12  uart.o(i.uart_sendFrame)
    uart_send_min                            0x080032f1   Thumb Code   118  uart.o(i.uart_send_min)
    updateEstimate                           0x08003371   Thumb Code   182  simplekalmanfilter.o(i.updateEstimate)
    __aeabi_d2f                              0x08003535   Thumb Code     0  d2f.o(x$fpl$d2f)
    _d2f                                     0x08003535   Thumb Code    98  d2f.o(x$fpl$d2f)
    __aeabi_dadd                             0x08003599   Thumb Code     0  daddsub_clz.o(x$fpl$dadd)
    _dadd                                    0x08003599   Thumb Code   332  daddsub_clz.o(x$fpl$dadd)
    __aeabi_ddiv                             0x080036e9   Thumb Code     0  ddiv.o(x$fpl$ddiv)
    _ddiv                                    0x080036e9   Thumb Code   552  ddiv.o(x$fpl$ddiv)
    __aeabi_d2uiz                            0x08003999   Thumb Code     0  dfixu.o(x$fpl$dfixu)
    _dfixu                                   0x08003999   Thumb Code    90  dfixu.o(x$fpl$dfixu)
    __aeabi_ui2d                             0x080039f3   Thumb Code     0  dflt_clz.o(x$fpl$dfltu)
    _dfltu                                   0x080039f3   Thumb Code    38  dflt_clz.o(x$fpl$dfltu)
    __aeabi_dmul                             0x08003a19   Thumb Code     0  dmul.o(x$fpl$dmul)
    _dmul                                    0x08003a19   Thumb Code   332  dmul.o(x$fpl$dmul)
    __fpl_dnaninf                            0x08003b6d   Thumb Code   156  dnaninf.o(x$fpl$dnaninf)
    __fpl_dretinf                            0x08003c09   Thumb Code    12  dretinf.o(x$fpl$dretinf)
    __aeabi_drsub                            0x08003c15   Thumb Code     0  daddsub_clz.o(x$fpl$drsb)
    _drsb                                    0x08003c15   Thumb Code    22  daddsub_clz.o(x$fpl$drsb)
    __aeabi_dsub                             0x08003c2d   Thumb Code     0  daddsub_clz.o(x$fpl$dsub)
    _dsub                                    0x08003c2d   Thumb Code   464  daddsub_clz.o(x$fpl$dsub)
    __aeabi_f2d                              0x08003e01   Thumb Code     0  f2d.o(x$fpl$f2d)
    _f2d                                     0x08003e01   Thumb Code    86  f2d.o(x$fpl$f2d)
    __aeabi_fadd                             0x08003e59   Thumb Code     0  faddsub_clz.o(x$fpl$fadd)
    _fadd                                    0x08003e59   Thumb Code   196  faddsub_clz.o(x$fpl$fadd)
    __aeabi_fdiv                             0x08003f1d   Thumb Code     0  fdiv.o(x$fpl$fdiv)
    _fdiv                                    0x08003f1d   Thumb Code   384  fdiv.o(x$fpl$fdiv)
    __aeabi_f2uiz                            0x080040a1   Thumb Code     0  ffixu.o(x$fpl$ffixu)
    _ffixu                                   0x080040a1   Thumb Code    62  ffixu.o(x$fpl$ffixu)
    __aeabi_ui2f                             0x080040e1   Thumb Code     0  fflt_clz.o(x$fpl$ffltu)
    _ffltu                                   0x080040e1   Thumb Code    38  fflt_clz.o(x$fpl$ffltu)
    __aeabi_fmul                             0x08004109   Thumb Code     0  fmul.o(x$fpl$fmul)
    _fmul                                    0x08004109   Thumb Code   258  fmul.o(x$fpl$fmul)
    __fpl_fnaninf                            0x0800420b   Thumb Code   140  fnaninf.o(x$fpl$fnaninf)
    __fpl_fretinf                            0x08004297   Thumb Code    10  fretinf.o(x$fpl$fretinf)
    __aeabi_frsub                            0x080042a1   Thumb Code     0  faddsub_clz.o(x$fpl$frsb)
    _frsb                                    0x080042a1   Thumb Code    20  faddsub_clz.o(x$fpl$frsb)
    __aeabi_fsub                             0x080042b5   Thumb Code     0  faddsub_clz.o(x$fpl$fsub)
    _fsub                                    0x080042b5   Thumb Code   234  faddsub_clz.o(x$fpl$fsub)
    __I$use$fp                               0x0800439e   Number         0  usenofp.o(x$fpl$usenofp)
    AHBPrescTable                            0x080043c2   Data          16  system_stm32f1xx.o(.constdata)
    APBPrescTable                            0x080043d2   Data           8  system_stm32f1xx.o(.constdata)
    Region$$Table$$Base                      0x080043dc   Number         0  anon$$obj.o(Region$$Table)
    Region$$Table$$Limit                     0x080043fc   Number         0  anon$$obj.o(Region$$Table)
    tickAtThis                               0x20000004   Data           4  main.o(.data)
    uwTickFreq                               0x20000008   Data           1  stm32f1xx_hal.o(.data)
    uwTickPrio                               0x2000000c   Data           4  stm32f1xx_hal.o(.data)
    uwTick                                   0x20000010   Data           4  stm32f1xx_hal.o(.data)
    SystemCoreClock                          0x20000014   Data           4  system_stm32f1xx.o(.data)
    temp16bit                                0x20000019   Data           4  uart.o(.data)
    humi16bit                                0x2000001d   Data           4  uart.o(.data)
    soil16bit                                0x20000021   Data           4  uart.o(.data)
    light32bit                               0x20000025   Data           4  uart.o(.data)
    delay_timer                              0x20000030   Data           4  delay_timer.o(.data)
    _err_measure                             0x20000034   Data           4  simplekalmanfilter.o(.data)
    _q                                       0x20000038   Data           4  simplekalmanfilter.o(.data)
    hadc1                                    0x2000003c   Data          48  main.o(.bss)
    hi2c1                                    0x2000006c   Data          84  main.o(.bss)
    htim1                                    0x200000c0   Data          72  main.o(.bss)
    htim4                                    0x20000108   Data          72  main.o(.bss)
    huart1                                   0x20000150   Data          72  main.o(.bss)
    sensorHandle                             0x20000198   Data          12  main.o(.bss)
    node_1                                   0x200001f0   Data         516  uart.o(.bss)
    node_2                                   0x200003f4   Data         516  uart.o(.bss)
    ring                                     0x200005f8   Data          16  uart.o(.bss)
    dht                                      0x20000608   Data          16  sensor.o(.bss)
    soil                                     0x20000618   Data          52  sensor.o(.bss)
    payloads_ring_buffer                     0x2000064c   Data        1024  min.o(.bss)
    BH1750                                   0x20000a4c   Data          20  bh1750.o(.bss)
    _err_estimate                            0x20000a60   Data          16  simplekalmanfilter.o(.bss)
    _current_estimate                        0x20000a70   Data          16  simplekalmanfilter.o(.bss)
    _last_estimate                           0x20000a80   Data          16  simplekalmanfilter.o(.bss)
    _kalman_gain                             0x20000a90   Data          16  simplekalmanfilter.o(.bss)
    __libspace_start                         0x20000aa0   Data          96  libspace.o(.bss)
    __temporary_stack_top$libspace           0x20000b00   Data           0  libspace.o(.bss)



==============================================================================

Memory Map of the image

  Image Entry point : 0x080000ed

  Load Region LR_IROM1 (Base: 0x08000000, Size: 0x00004438, Max: 0x00010000, ABSOLUTE)

    Execution Region ER_IROM1 (Exec base: 0x08000000, Load base: 0x08000000, Size: 0x000043fc, Max: 0x00010000, ABSOLUTE)

    Exec Addr    Load Addr    Size         Type   Attr      Idx    E Section Name        Object

    0x08000000   0x08000000   0x000000ec   Data   RO            3    RESET               startup_stm32f103xb.o
    0x080000ec   0x080000ec   0x00000008   Code   RO         4086  * !!!main             c_w.l(__main.o)
    0x080000f4   0x080000f4   0x00000034   Code   RO         4300    !!!scatter          c_w.l(__scatter.o)
    0x08000128   0x08000128   0x0000001a   Code   RO         4302    !!handler_copy      c_w.l(__scatter_copy.o)
    0x08000142   0x08000142   0x00000002   PAD
    0x08000144   0x08000144   0x0000001c   Code   RO         4304    !!handler_zi        c_w.l(__scatter_zi.o)
    0x08000160   0x08000160   0x00000002   Code   RO         4170    .ARM.Collect$$libinit$$00000000  c_w.l(libinit.o)
    0x08000162   0x08000162   0x00000000   Code   RO         4177    .ARM.Collect$$libinit$$00000002  c_w.l(libinit2.o)
    0x08000162   0x08000162   0x00000000   Code   RO         4179    .ARM.Collect$$libinit$$00000004  c_w.l(libinit2.o)
    0x08000162   0x08000162   0x00000000   Code   RO         4182    .ARM.Collect$$libinit$$0000000A  c_w.l(libinit2.o)
    0x08000162   0x08000162   0x00000000   Code   RO         4184    .ARM.Collect$$libinit$$0000000C  c_w.l(libinit2.o)
    0x08000162   0x08000162   0x00000000   Code   RO         4186    .ARM.Collect$$libinit$$0000000E  c_w.l(libinit2.o)
    0x08000162   0x08000162   0x00000000   Code   RO         4189    .ARM.Collect$$libinit$$00000011  c_w.l(libinit2.o)
    0x08000162   0x08000162   0x00000000   Code   RO         4191    .ARM.Collect$$libinit$$00000013  c_w.l(libinit2.o)
    0x08000162   0x08000162   0x00000000   Code   RO         4193    .ARM.Collect$$libinit$$00000015  c_w.l(libinit2.o)
    0x08000162   0x08000162   0x00000000   Code   RO         4195    .ARM.Collect$$libinit$$00000017  c_w.l(libinit2.o)
    0x08000162   0x08000162   0x00000000   Code   RO         4197    .ARM.Collect$$libinit$$00000019  c_w.l(libinit2.o)
    0x08000162   0x08000162   0x00000000   Code   RO         4199    .ARM.Collect$$libinit$$0000001B  c_w.l(libinit2.o)
    0x08000162   0x08000162   0x00000000   Code   RO         4201    .ARM.Collect$$libinit$$0000001D  c_w.l(libinit2.o)
    0x08000162   0x08000162   0x00000000   Code   RO         4203    .ARM.Collect$$libinit$$0000001F  c_w.l(libinit2.o)
    0x08000162   0x08000162   0x00000000   Code   RO         4205    .ARM.Collect$$libinit$$00000021  c_w.l(libinit2.o)
    0x08000162   0x08000162   0x00000000   Code   RO         4207    .ARM.Collect$$libinit$$00000023  c_w.l(libinit2.o)
    0x08000162   0x08000162   0x00000000   Code   RO         4209    .ARM.Collect$$libinit$$00000025  c_w.l(libinit2.o)
    0x08000162   0x08000162   0x00000000   Code   RO         4213    .ARM.Collect$$libinit$$0000002C  c_w.l(libinit2.o)
    0x08000162   0x08000162   0x00000000   Code   RO         4215    .ARM.Collect$$libinit$$0000002E  c_w.l(libinit2.o)
    0x08000162   0x08000162   0x00000000   Code   RO         4217    .ARM.Collect$$libinit$$00000030  c_w.l(libinit2.o)
    0x08000162   0x08000162   0x00000000   Code   RO         4219    .ARM.Collect$$libinit$$00000032  c_w.l(libinit2.o)
    0x08000162   0x08000162   0x00000002   Code   RO         4220    .ARM.Collect$$libinit$$00000033  c_w.l(libinit2.o)
    0x08000164   0x08000164   0x00000002   Code   RO         4240    .ARM.Collect$$libshutdown$$00000000  c_w.l(libshutdown.o)
    0x08000166   0x08000166   0x00000000   Code   RO         4253    .ARM.Collect$$libshutdown$$00000002  c_w.l(libshutdown2.o)
    0x08000166   0x08000166   0x00000000   Code   RO         4255    .ARM.Collect$$libshutdown$$00000004  c_w.l(libshutdown2.o)
    0x08000166   0x08000166   0x00000000   Code   RO         4258    .ARM.Collect$$libshutdown$$00000007  c_w.l(libshutdown2.o)
    0x08000166   0x08000166   0x00000000   Code   RO         4261    .ARM.Collect$$libshutdown$$0000000A  c_w.l(libshutdown2.o)
    0x08000166   0x08000166   0x00000000   Code   RO         4263    .ARM.Collect$$libshutdown$$0000000C  c_w.l(libshutdown2.o)
    0x08000166   0x08000166   0x00000000   Code   RO         4266    .ARM.Collect$$libshutdown$$0000000F  c_w.l(libshutdown2.o)
    0x08000166   0x08000166   0x00000002   Code   RO         4267    .ARM.Collect$$libshutdown$$00000010  c_w.l(libshutdown2.o)
    0x08000168   0x08000168   0x00000000   Code   RO         4136    .ARM.Collect$$rtentry$$00000000  c_w.l(__rtentry.o)
    0x08000168   0x08000168   0x00000000   Code   RO         4147    .ARM.Collect$$rtentry$$00000002  c_w.l(__rtentry2.o)
    0x08000168   0x08000168   0x00000006   Code   RO         4159    .ARM.Collect$$rtentry$$00000004  c_w.l(__rtentry4.o)
    0x0800016e   0x0800016e   0x00000000   Code   RO         4149    .ARM.Collect$$rtentry$$00000009  c_w.l(__rtentry2.o)
    0x0800016e   0x0800016e   0x00000004   Code   RO         4150    .ARM.Collect$$rtentry$$0000000A  c_w.l(__rtentry2.o)
    0x08000172   0x08000172   0x00000000   Code   RO         4152    .ARM.Collect$$rtentry$$0000000C  c_w.l(__rtentry2.o)
    0x08000172   0x08000172   0x00000008   Code   RO         4153    .ARM.Collect$$rtentry$$0000000D  c_w.l(__rtentry2.o)
    0x0800017a   0x0800017a   0x00000002   Code   RO         4174    .ARM.Collect$$rtexit$$00000000  c_w.l(rtexit.o)
    0x0800017c   0x0800017c   0x00000000   Code   RO         4222    .ARM.Collect$$rtexit$$00000002  c_w.l(rtexit2.o)
    0x0800017c   0x0800017c   0x00000004   Code   RO         4223    .ARM.Collect$$rtexit$$00000003  c_w.l(rtexit2.o)
    0x08000180   0x08000180   0x00000006   Code   RO         4224    .ARM.Collect$$rtexit$$00000004  c_w.l(rtexit2.o)
    0x08000186   0x08000186   0x00000002   PAD
    0x08000188   0x08000188   0x00000040   Code   RO            4    .text               startup_stm32f103xb.o
    0x080001c8   0x080001c8   0x00000064   Code   RO         4080    .text               c_w.l(rt_memcpy_w.o)
    0x0800022c   0x0800022c   0x0000004e   Code   RO         4082    .text               c_w.l(rt_memclr_w.o)
    0x0800027a   0x0800027a   0x00000006   Code   RO         4084    .text               c_w.l(heapauxi.o)
    0x08000280   0x08000280   0x0000004a   Code   RO         4161    .text               c_w.l(sys_stackheap_outer.o)
    0x080002ca   0x080002ca   0x00000012   Code   RO         4163    .text               c_w.l(exit.o)
    0x080002dc   0x080002dc   0x00000008   Code   RO         4171    .text               c_w.l(libspace.o)
    0x080002e4   0x080002e4   0x0000000c   Code   RO         4232    .text               c_w.l(sys_exit.o)
    0x080002f0   0x080002f0   0x00000002   Code   RO         4243    .text               c_w.l(use_no_semi.o)
    0x080002f2   0x080002f2   0x00000000   Code   RO         4245    .text               c_w.l(indicate_semi.o)
    0x080002f2   0x080002f2   0x00000002   PAD
    0x080002f4   0x080002f4   0x00000056   Code   RO          504    i.ADC_ConversionStop_Disable  stm32f1xx_hal_adc.o
    0x0800034a   0x0800034a   0x00000002   PAD
    0x0800034c   0x0800034c   0x0000007c   Code   RO          508    i.ADC_Enable        stm32f1xx_hal_adc.o
    0x080003c8   0x080003c8   0x0000002c   Code   RO         3941    i.BH1750_Cmd_Write  bh1750.o
    0x080003f4   0x080003f4   0x00000058   Code   RO         3942    i.BH1750_Init       bh1750.o
    0x0800044c   0x0800044c   0x0000005c   Code   RO         3943    i.BH1750_Read       bh1750.o
    0x080004a8   0x080004a8   0x00000002   Code   RO          224    i.BusFault_Handler  stm32f1xx_it.o
    0x080004aa   0x080004aa   0x00000002   PAD
    0x080004ac   0x080004ac   0x0000000c   Code   RO         3861    i.DELAY_US_Init     delay_timer.o
    0x080004b8   0x080004b8   0x00000002   Code   RO          225    i.DebugMon_Handler  stm32f1xx_it.o
    0x080004ba   0x080004ba   0x00000002   PAD
    0x080004bc   0x080004bc   0x000000fc   Code   RO          510    i.HAL_ADC_ConfigChannel  stm32f1xx_hal_adc.o
    0x080005b8   0x080005b8   0x00000006   Code   RO          517    i.HAL_ADC_GetValue  stm32f1xx_hal_adc.o
    0x080005be   0x080005be   0x00000002   PAD
    0x080005c0   0x080005c0   0x0000011c   Code   RO          519    i.HAL_ADC_Init      stm32f1xx_hal_adc.o
    0x080006dc   0x080006dc   0x00000058   Code   RO          397    i.HAL_ADC_MspInit   stm32f1xx_hal_msp.o
    0x08000734   0x08000734   0x0000013c   Code   RO          523    i.HAL_ADC_PollForConversion  stm32f1xx_hal_adc.o
    0x08000870   0x08000870   0x000000c0   Code   RO          525    i.HAL_ADC_Start     stm32f1xx_hal_adc.o
    0x08000930   0x08000930   0x00000034   Code   RO          528    i.HAL_ADC_Stop      stm32f1xx_hal_adc.o
    0x08000964   0x08000964   0x00000046   Code   RO         1161    i.HAL_DMA_Abort     stm32f1xx_hal_dma.o
    0x080009aa   0x080009aa   0x00000002   PAD
    0x080009ac   0x080009ac   0x00000098   Code   RO         1162    i.HAL_DMA_Abort_IT  stm32f1xx_hal_dma.o
    0x08000a44   0x08000a44   0x00000024   Code   RO          787    i.HAL_Delay         stm32f1xx_hal.o
    0x08000a68   0x08000a68   0x000001e0   Code   RO         1097    i.HAL_GPIO_Init     stm32f1xx_hal_gpio.o
    0x08000c48   0x08000c48   0x0000000a   Code   RO         1099    i.HAL_GPIO_ReadPin  stm32f1xx_hal_gpio.o
    0x08000c52   0x08000c52   0x0000000a   Code   RO         1101    i.HAL_GPIO_WritePin  stm32f1xx_hal_gpio.o
    0x08000c5c   0x08000c5c   0x0000000c   Code   RO          791    i.HAL_GetTick       stm32f1xx_hal.o
    0x08000c68   0x08000c68   0x00000188   Code   RO         1768    i.HAL_I2C_Init      stm32f1xx_hal_i2c.o
    0x08000df0   0x08000df0   0x00000250   Code   RO         1774    i.HAL_I2C_Master_Receive  stm32f1xx_hal_i2c.o
    0x08001040   0x08001040   0x0000012c   Code   RO         1781    i.HAL_I2C_Master_Transmit  stm32f1xx_hal_i2c.o
    0x0800116c   0x0800116c   0x0000005c   Code   RO          399    i.HAL_I2C_MspInit   stm32f1xx_hal_msp.o
    0x080011c8   0x080011c8   0x00000010   Code   RO          797    i.HAL_IncTick       stm32f1xx_hal.o
    0x080011d8   0x080011d8   0x00000024   Code   RO          798    i.HAL_Init          stm32f1xx_hal.o
    0x080011fc   0x080011fc   0x00000040   Code   RO          799    i.HAL_InitTick      stm32f1xx_hal.o
    0x0800123c   0x0800123c   0x0000003c   Code   RO          400    i.HAL_MspInit       stm32f1xx_hal_msp.o
    0x08001278   0x08001278   0x0000001a   Code   RO         1257    i.HAL_NVIC_EnableIRQ  stm32f1xx_hal_cortex.o
    0x08001292   0x08001292   0x00000002   PAD
    0x08001294   0x08001294   0x00000040   Code   RO         1263    i.HAL_NVIC_SetPriority  stm32f1xx_hal_cortex.o
    0x080012d4   0x080012d4   0x00000024   Code   RO         1264    i.HAL_NVIC_SetPriorityGrouping  stm32f1xx_hal_cortex.o
    0x080012f8   0x080012f8   0x000000a4   Code   RO         1058    i.HAL_RCCEx_GetPeriphCLKFreq  stm32f1xx_hal_rcc_ex.o
    0x0800139c   0x0800139c   0x000000ec   Code   RO         1059    i.HAL_RCCEx_PeriphCLKConfig  stm32f1xx_hal_rcc_ex.o
    0x08001488   0x08001488   0x0000012c   Code   RO          955    i.HAL_RCC_ClockConfig  stm32f1xx_hal_rcc.o
    0x080015b4   0x080015b4   0x00000020   Code   RO          962    i.HAL_RCC_GetPCLK1Freq  stm32f1xx_hal_rcc.o
    0x080015d4   0x080015d4   0x00000020   Code   RO          963    i.HAL_RCC_GetPCLK2Freq  stm32f1xx_hal_rcc.o
    0x080015f4   0x080015f4   0x0000004c   Code   RO          964    i.HAL_RCC_GetSysClockFreq  stm32f1xx_hal_rcc.o
    0x08001640   0x08001640   0x00000320   Code   RO          967    i.HAL_RCC_OscConfig  stm32f1xx_hal_rcc.o
    0x08001960   0x08001960   0x00000028   Code   RO         1268    i.HAL_SYSTICK_Config  stm32f1xx_hal_cortex.o
    0x08001988   0x08001988   0x00000068   Code   RO         2919    i.HAL_TIMEx_MasterConfigSynchronization  stm32f1xx_hal_tim_ex.o
    0x080019f0   0x080019f0   0x0000005a   Code   RO         2196    i.HAL_TIM_Base_Init  stm32f1xx_hal_tim.o
    0x08001a4a   0x08001a4a   0x00000002   PAD
    0x08001a4c   0x08001a4c   0x00000040   Code   RO          402    i.HAL_TIM_Base_MspInit  stm32f1xx_hal_msp.o
    0x08001a8c   0x08001a8c   0x00000050   Code   RO         2199    i.HAL_TIM_Base_Start  stm32f1xx_hal_tim.o
    0x08001adc   0x08001adc   0x00000026   Code   RO         2202    i.HAL_TIM_Base_Stop  stm32f1xx_hal_tim.o
    0x08001b02   0x08001b02   0x000000dc   Code   RO         2205    i.HAL_TIM_ConfigClockSource  stm32f1xx_hal_tim.o
    0x08001bde   0x08001bde   0x00000002   Code   RO         3179    i.HAL_UARTEx_RxEventCallback  stm32f1xx_hal_uart.o
    0x08001be0   0x08001be0   0x00000002   Code   RO         3193    i.HAL_UART_ErrorCallback  stm32f1xx_hal_uart.o
    0x08001be2   0x08001be2   0x00000002   PAD
    0x08001be4   0x08001be4   0x0000026c   Code   RO         3196    i.HAL_UART_IRQHandler  stm32f1xx_hal_uart.o
    0x08001e50   0x08001e50   0x00000064   Code   RO         3197    i.HAL_UART_Init     stm32f1xx_hal_uart.o
    0x08001eb4   0x08001eb4   0x00000080   Code   RO          404    i.HAL_UART_MspInit  stm32f1xx_hal_msp.o
    0x08001f34   0x08001f34   0x0000001c   Code   RO         3202    i.HAL_UART_Receive_IT  stm32f1xx_hal_uart.o
    0x08001f50   0x08001f50   0x00000030   Code   RO           14    i.HAL_UART_RxCpltCallback  main.o
    0x08001f80   0x08001f80   0x00000002   Code   RO         3208    i.HAL_UART_TxCpltCallback  stm32f1xx_hal_uart.o
    0x08001f82   0x08001f82   0x00000002   Code   RO          226    i.HardFault_Handler  stm32f1xx_it.o
    0x08001f84   0x08001f84   0x0000002e   Code   RO         1811    i.I2C_IsAcknowledgeFailed  stm32f1xx_hal_i2c.o
    0x08001fb2   0x08001fb2   0x00000002   PAD
    0x08001fb4   0x08001fb4   0x000000ec   Code   RO         1814    i.I2C_MasterRequestRead  stm32f1xx_hal_i2c.o
    0x080020a0   0x080020a0   0x0000009c   Code   RO         1815    i.I2C_MasterRequestWrite  stm32f1xx_hal_i2c.o
    0x0800213c   0x0800213c   0x00000056   Code   RO         1826    i.I2C_WaitOnBTFFlagUntilTimeout  stm32f1xx_hal_i2c.o
    0x08002192   0x08002192   0x00000002   PAD
    0x08002194   0x08002194   0x00000090   Code   RO         1827    i.I2C_WaitOnFlagUntilTimeout  stm32f1xx_hal_i2c.o
    0x08002224   0x08002224   0x000000bc   Code   RO         1828    i.I2C_WaitOnMasterAddressFlagUntilTimeout  stm32f1xx_hal_i2c.o
    0x080022e0   0x080022e0   0x00000070   Code   RO         1829    i.I2C_WaitOnRXNEFlagUntilTimeout  stm32f1xx_hal_i2c.o
    0x08002350   0x08002350   0x00000056   Code   RO         1830    i.I2C_WaitOnTXEFlagUntilTimeout  stm32f1xx_hal_i2c.o
    0x080023a6   0x080023a6   0x00000018   Code   RO         3730    i.Is_ringbuf_available  ringbuff.o
    0x080023be   0x080023be   0x00000002   PAD
    0x080023c0   0x080023c0   0x00000040   Code   RO           15    i.MX_ADC1_Init      main.o
    0x08002400   0x08002400   0x00000094   Code   RO           16    i.MX_GPIO_Init      main.o
    0x08002494   0x08002494   0x00000054   Code   RO           17    i.MX_TIM1_Init      main.o
    0x080024e8   0x080024e8   0x00000054   Code   RO           18    i.MX_TIM4_Init      main.o
    0x0800253c   0x0800253c   0x00000002   Code   RO          227    i.MemManage_Handler  stm32f1xx_it.o
    0x0800253e   0x0800253e   0x00000002   Code   RO          228    i.NMI_Handler       stm32f1xx_it.o
    0x08002540   0x08002540   0x00000002   Code   RO          229    i.PendSV_Handler    stm32f1xx_it.o
    0x08002542   0x08002542   0x00000002   Code   RO          230    i.SVC_Handler       stm32f1xx_it.o
    0x08002544   0x08002544   0x0000001c   Code   RO         4023    i.SimpleKalmanFilter  simplekalmanfilter.o
    0x08002560   0x08002560   0x00000004   Code   RO          231    i.SysTick_Handler   stm32f1xx_it.o
    0x08002564   0x08002564   0x00000060   Code   RO           19    i.SystemClock_Config  main.o
    0x080025c4   0x080025c4   0x00000002   Code   RO         3531    i.SystemInit        system_stm32f1xx.o
    0x080025c6   0x080025c6   0x00000002   PAD
    0x080025c8   0x080025c8   0x0000006c   Code   RO         2289    i.TIM_Base_SetConfig  stm32f1xx_hal_tim.o
    0x08002634   0x08002634   0x00000014   Code   RO         2300    i.TIM_ETR_SetConfig  stm32f1xx_hal_tim.o
    0x08002648   0x08002648   0x00000010   Code   RO         2301    i.TIM_ITRx_SetConfig  stm32f1xx_hal_tim.o
    0x08002658   0x08002658   0x00000022   Code   RO         2307    i.TIM_TI1_ConfigInputStage  stm32f1xx_hal_tim.o
    0x0800267a   0x0800267a   0x00000024   Code   RO         2309    i.TIM_TI2_ConfigInputStage  stm32f1xx_hal_tim.o
    0x0800269e   0x0800269e   0x00000010   Code   RO         3210    i.UART_DMAAbortOnError  stm32f1xx_hal_uart.o
    0x080026ae   0x080026ae   0x0000004e   Code   RO         3220    i.UART_EndRxTransfer  stm32f1xx_hal_uart.o
    0x080026fc   0x080026fc   0x000000c2   Code   RO         3222    i.UART_Receive_IT   stm32f1xx_hal_uart.o
    0x080027be   0x080027be   0x00000002   PAD
    0x080027c0   0x080027c0   0x000000b8   Code   RO         3223    i.UART_SetConfig    stm32f1xx_hal_uart.o
    0x08002878   0x08002878   0x00000036   Code   RO         3225    i.UART_Start_Receive_IT  stm32f1xx_hal_uart.o
    0x080028ae   0x080028ae   0x00000002   PAD
    0x080028b0   0x080028b0   0x0000000c   Code   RO          232    i.USART1_IRQHandler  stm32f1xx_it.o
    0x080028bc   0x080028bc   0x00000002   Code   RO          233    i.UsageFault_Handler  stm32f1xx_it.o
    0x080028be   0x080028be   0x0000001e   Code   RO         3902    i.YL69_init         yl-69.o
    0x080028dc   0x080028dc   0x00000020   Code   RO         1270    i.__NVIC_SetPriority  stm32f1xx_hal_cortex.o
    0x080028fc   0x080028fc   0x00000028   Code   RO         3763    i.crc32_step        min.o
    0x08002924   0x08002924   0x0000004c   Code   RO         3903    i.get_YL_value      yl-69.o
    0x08002970   0x08002970   0x00000008   Code   RO         3987    i.init_dht11        mk_dht11.o
    0x08002978   0x08002978   0x000000c4   Code   RO           20    i.main              main.o
    0x08002a3c   0x08002a3c   0x0000001c   Code   RO           21    i.min_application_handler  main.o
    0x08002a58   0x08002a58   0x0000002a   Code   RO         3764    i.min_init_context  min.o
    0x08002a82   0x08002a82   0x00000002   PAD
    0x08002a84   0x08002a84   0x00000124   Code   RO         3765    i.min_poll          min.o
    0x08002ba8   0x08002ba8   0x00000036   Code   RO         3768    i.min_send_frame    min.o
    0x08002bde   0x08002bde   0x00000004   Code   RO         3568    i.min_time_ms       uart.o
    0x08002be2   0x08002be2   0x00000002   PAD
    0x08002be4   0x08002be4   0x00000014   Code   RO         3569    i.min_tx_byte       uart.o
    0x08002bf8   0x08002bf8   0x00000002   Code   RO         3570    i.min_tx_finished   uart.o
    0x08002bfa   0x08002bfa   0x00000006   Code   RO         3571    i.min_tx_space      uart.o
    0x08002c00   0x08002c00   0x00000002   Code   RO         3572    i.min_tx_start      uart.o
    0x08002c02   0x08002c02   0x00000002   PAD
    0x08002c04   0x08002c04   0x000000d0   Code   RO         3770    i.on_wire_bytes     min.o
    0x08002cd4   0x08002cd4   0x000001b0   Code   RO         3988    i.readDHT11         mk_dht11.o
    0x08002e84   0x08002e84   0x0000006c   Code   RO         3687    i.readDataFromSensor  sensor.o
    0x08002ef0   0x08002ef0   0x0000000c   Code   RO         3573    i.receive_data      uart.o
    0x08002efc   0x08002efc   0x0000000c   Code   RO         3731    i.ringbuffer_init   ringbuff.o
    0x08002f08   0x08002f08   0x00000028   Code   RO         3732    i.ringbuffer_pop    ringbuff.o
    0x08002f30   0x08002f30   0x00000026   Code   RO         3733    i.ringbuffer_push   ringbuff.o
    0x08002f56   0x08002f56   0x00000002   PAD
    0x08002f58   0x08002f58   0x00000132   Code   RO         3771    i.rx_byte           min.o
    0x0800308a   0x0800308a   0x00000002   PAD
    0x0800308c   0x0800308c   0x00000038   Code   RO         3772    i.send_ack          min.o
    0x080030c4   0x080030c4   0x00000014   Code   RO         3688    i.sensor_handle     sensor.o
    0x080030d8   0x080030d8   0x000000a0   Code   RO         3689    i.sensor_init       sensor.o
    0x08003178   0x08003178   0x00000008   Code   RO         3574    i.separate_16_to_8  uart.o
    0x08003180   0x08003180   0x00000010   Code   RO         3575    i.separate_32_to_8  uart.o
    0x08003190   0x08003190   0x00000030   Code   RO         3989    i.set_dht11_gpio_mode  mk_dht11.o
    0x080031c0   0x080031c0   0x00000042   Code   RO         3773    i.stuffed_tx_byte   min.o
    0x08003202   0x08003202   0x00000002   PAD
    0x08003204   0x08003204   0x00000038   Code   RO         3775    i.transport_fifo_reset  min.o
    0x0800323c   0x0800323c   0x00000030   Code   RO         3776    i.transport_fifo_send  min.o
    0x0800326c   0x0800326c   0x0000000c   Code   RO         3576    i.uart_available    uart.o
    0x08003278   0x08003278   0x0000002c   Code   RO         3577    i.uart_init         uart.o
    0x080032a4   0x080032a4   0x00000014   Code   RO         3578    i.uart_read         uart.o
    0x080032b8   0x080032b8   0x00000024   Code   RO         3579    i.uart_receive_min  uart.o
    0x080032dc   0x080032dc   0x00000014   Code   RO         3580    i.uart_sendFrame    uart.o
    0x080032f0   0x080032f0   0x00000080   Code   RO         3581    i.uart_send_min     uart.o
    0x08003370   0x08003370   0x000000c4   Code   RO         4028    i.updateEstimate    simplekalmanfilter.o
    0x08003434   0x08003434   0x00000100   Code   RO         3777    i.valid_frame_received  min.o
    0x08003534   0x08003534   0x00000062   Code   RO         4088    x$fpl$d2f           fz_ws.l(d2f.o)
    0x08003596   0x08003596   0x00000002   PAD
    0x08003598   0x08003598   0x00000150   Code   RO         4090    x$fpl$dadd          fz_ws.l(daddsub_clz.o)
    0x080036e8   0x080036e8   0x000002b0   Code   RO         4097    x$fpl$ddiv          fz_ws.l(ddiv.o)
    0x08003998   0x08003998   0x0000005a   Code   RO         4100    x$fpl$dfixu         fz_ws.l(dfixu.o)
    0x080039f2   0x080039f2   0x00000026   Code   RO         4104    x$fpl$dfltu         fz_ws.l(dflt_clz.o)
    0x08003a18   0x08003a18   0x00000154   Code   RO         4110    x$fpl$dmul          fz_ws.l(dmul.o)
    0x08003b6c   0x08003b6c   0x0000009c   Code   RO         4137    x$fpl$dnaninf       fz_ws.l(dnaninf.o)
    0x08003c08   0x08003c08   0x0000000c   Code   RO         4139    x$fpl$dretinf       fz_ws.l(dretinf.o)
    0x08003c14   0x08003c14   0x00000016   Code   RO         4091    x$fpl$drsb          fz_ws.l(daddsub_clz.o)
    0x08003c2a   0x08003c2a   0x00000002   PAD
    0x08003c2c   0x08003c2c   0x000001d4   Code   RO         4092    x$fpl$dsub          fz_ws.l(daddsub_clz.o)
    0x08003e00   0x08003e00   0x00000056   Code   RO         4112    x$fpl$f2d           fz_ws.l(f2d.o)
    0x08003e56   0x08003e56   0x00000002   PAD
    0x08003e58   0x08003e58   0x000000c4   Code   RO         4114    x$fpl$fadd          fz_ws.l(faddsub_clz.o)
    0x08003f1c   0x08003f1c   0x00000184   Code   RO         4121    x$fpl$fdiv          fz_ws.l(fdiv.o)
    0x080040a0   0x080040a0   0x0000003e   Code   RO         4124    x$fpl$ffixu         fz_ws.l(ffixu.o)
    0x080040de   0x080040de   0x00000002   PAD
    0x080040e0   0x080040e0   0x00000026   Code   RO         4128    x$fpl$ffltu         fz_ws.l(fflt_clz.o)
    0x08004106   0x08004106   0x00000002   PAD
    0x08004108   0x08004108   0x00000102   Code   RO         4134    x$fpl$fmul          fz_ws.l(fmul.o)
    0x0800420a   0x0800420a   0x0000008c   Code   RO         4141    x$fpl$fnaninf       fz_ws.l(fnaninf.o)
    0x08004296   0x08004296   0x0000000a   Code   RO         4143    x$fpl$fretinf       fz_ws.l(fretinf.o)
    0x080042a0   0x080042a0   0x00000014   Code   RO         4115    x$fpl$frsb          fz_ws.l(faddsub_clz.o)
    0x080042b4   0x080042b4   0x000000ea   Code   RO         4116    x$fpl$fsub          fz_ws.l(faddsub_clz.o)
    0x0800439e   0x0800439e   0x00000000   Code   RO         4145    x$fpl$usenofp       fz_ws.l(usenofp.o)
    0x0800439e   0x0800439e   0x00000012   Data   RO          968    .constdata          stm32f1xx_hal_rcc.o
    0x080043b0   0x080043b0   0x00000012   Data   RO         1060    .constdata          stm32f1xx_hal_rcc_ex.o
    0x080043c2   0x080043c2   0x00000010   Data   RO         3532    .constdata          system_stm32f1xx.o
    0x080043d2   0x080043d2   0x00000008   Data   RO         3533    .constdata          system_stm32f1xx.o
    0x080043da   0x080043da   0x00000002   PAD
    0x080043dc   0x080043dc   0x00000020   Data   RO         4298    Region$$Table       anon$$obj.o


    Execution Region RW_IRAM1 (Exec base: 0x20000000, Load base: 0x080043fc, Size: 0x00001100, Max: 0x00005000, ABSOLUTE)

    Exec Addr    Load Addr    Size         Type   Attr      Idx    E Section Name        Object

    0x20000000   0x080043fc   0x00000008   Data   RW           23    .data               main.o
    0x20000008   0x08004404   0x0000000c   Data   RW          805    .data               stm32f1xx_hal.o
    0x20000014   0x08004410   0x00000004   Data   RW         3534    .data               system_stm32f1xx.o
    0x20000018   0x08004414   0x00000011   Data   RW         3584    .data               uart.o
    0x20000029   0x08004425   0x00000003   PAD
    0x2000002c   0x08004428   0x00000004   Data   RW         3779    .data               min.o
    0x20000030   0x0800442c   0x00000004   Data   RW         3863    .data               delay_timer.o
    0x20000034   0x08004430   0x00000008   Data   RW         4030    .data               simplekalmanfilter.o
    0x2000003c        -       0x00000168   Zero   RW           22    .bss                main.o
    0x200001a4        -       0x00000464   Zero   RW         3582    .bss                uart.o
    0x20000608        -       0x00000044   Zero   RW         3690    .bss                sensor.o
    0x2000064c        -       0x00000400   Zero   RW         3778    .bss                min.o
    0x20000a4c        -       0x00000014   Zero   RW         3944    .bss                bh1750.o
    0x20000a60        -       0x00000040   Zero   RW         4029    .bss                simplekalmanfilter.o
    0x20000aa0        -       0x00000060   Zero   RW         4172    .bss                c_w.l(libspace.o)
    0x20000b00        -       0x00000200   Zero   RW            2    HEAP                startup_stm32f103xb.o
    0x20000d00        -       0x00000400   Zero   RW            1    STACK               startup_stm32f103xb.o


==============================================================================

Image component sizes


      Code (inc. data)   RO Data    RW Data    ZI Data      Debug   Object Name

       224         40          0          0         20       3018   bh1750.o
        12          6          0          4          0       1062   delay_timer.o
       748         76          0          8        360     457709   main.o
      1424         42          0          4       1024      11982   min.o
       488          0          0          0          0       3699   mk_dht11.o
       114          0          0          0          0       3268   ringbuff.o
       288         42          0          0         68       2476   sensor.o
       224         24          0          8         64       2156   simplekalmanfilter.o
        64         26        236          0       1536        836   startup_stm32f103xb.o
       164         28          0         12          0       6113   stm32f1xx_hal.o
      1312         54          0          0          0       7463   stm32f1xx_hal_adc.o
       198         14          0          0          0      29091   stm32f1xx_hal_cortex.o
       222          4          0          0          0       1847   stm32f1xx_hal_dma.o
       500         34          0          0          0       3615   stm32f1xx_hal_gpio.o
      2338         54          0          0          0      12886   stm32f1xx_hal_i2c.o
       432         56          0          0          0       3704   stm32f1xx_hal_msp.o
      1240         84         18          0          0       5268   stm32f1xx_hal_rcc.o
       400         28         18          0          0       2549   stm32f1xx_hal_rcc_ex.o
       642         28          0          0          0       7548   stm32f1xx_hal_tim.o
       104         12          0          0          0       1408   stm32f1xx_hal_tim_ex.o
      1280         10          0          0          0       9148   stm32f1xx_hal_uart.o
        32          6          0          0          0     448858   stm32f1xx_it.o
         2          0         24          4          0       1191   system_stm32f1xx.o
       330         50          0         17       1124       8847   uart.o
       106         14          0          0          0       1851   yl-69.o

    ----------------------------------------------------------------------
     12928        732        330         60       4196    1037593   Object Totals
         0          0         32          0          0          0   (incl. Generated)
        40          0          2          3          0          0   (incl. Padding)

    ----------------------------------------------------------------------

      Code (inc. data)   RO Data    RW Data    ZI Data      Debug   Library Member Name

         8          0          0          0          0         68   __main.o
         0          0          0          0          0          0   __rtentry.o
        12          0          0          0          0          0   __rtentry2.o
         6          0          0          0          0          0   __rtentry4.o
        52          8          0          0          0          0   __scatter.o
        26          0          0          0          0          0   __scatter_copy.o
        28          0          0          0          0          0   __scatter_zi.o
        18          0          0          0          0         80   exit.o
         6          0          0          0          0        152   heapauxi.o
         0          0          0          0          0          0   indicate_semi.o
         2          0          0          0          0          0   libinit.o
         2          0          0          0          0          0   libinit2.o
         2          0          0          0          0          0   libshutdown.o
         2          0          0          0          0          0   libshutdown2.o
         8          4          0          0         96         68   libspace.o
        78          0          0          0          0         80   rt_memclr_w.o
       100          0          0          0          0         80   rt_memcpy_w.o
         2          0          0          0          0          0   rtexit.o
        10          0          0          0          0          0   rtexit2.o
        12          4          0          0          0         68   sys_exit.o
        74          0          0          0          0         80   sys_stackheap_outer.o
         2          0          0          0          0         68   use_no_semi.o
        98          4          0          0          0         92   d2f.o
       826         16          0          0          0        348   daddsub_clz.o
       688        140          0          0          0        208   ddiv.o
        90          4          0          0          0         92   dfixu.o
        38          0          0          0          0         68   dflt_clz.o
       340         12          0          0          0        104   dmul.o
       156          4          0          0          0         92   dnaninf.o
        12          0          0          0          0         68   dretinf.o
        86          4          0          0          0         84   f2d.o
       450          8          0          0          0        236   faddsub_clz.o
       388         76          0          0          0         96   fdiv.o
        62          4          0          0          0         84   ffixu.o
        38          0          0          0          0         68   fflt_clz.o
       258          4          0          0          0         84   fmul.o
       140          4          0          0          0         84   fnaninf.o
        10          0          0          0          0         68   fretinf.o
         0          0          0          0          0          0   usenofp.o

    ----------------------------------------------------------------------
      4146        296          0          0         96       2620   Library Totals
        16          0          0          0          0          0   (incl. Padding)

    ----------------------------------------------------------------------

      Code (inc. data)   RO Data    RW Data    ZI Data      Debug   Library Name

       450         16          0          0         96        744   c_w.l
      3680        280          0          0          0       1876   fz_ws.l

    ----------------------------------------------------------------------
      4146        296          0          0         96       2620   Library Totals

    ----------------------------------------------------------------------

==============================================================================


      Code (inc. data)   RO Data    RW Data    ZI Data      Debug   

     17074       1028        330         60       4292    1032513   Grand Totals
     17074       1028        330         60       4292    1032513   ELF Image Totals
     17074       1028        330         60          0          0   ROM Totals

==============================================================================

    Total RO  Size (Code + RO Data)                17404 (  17.00kB)
    Total RW  Size (RW Data + ZI Data)              4352 (   4.25kB)
    Total ROM Size (Code + RO Data + RW Data)      17464 (  17.05kB)

==============================================================================

